com.mparticle.BuildConfig -> com.mparticle.BuildConfig:
    boolean DEBUG -> DEBUG
    java.lang.String APPLICATION_ID -> APPLICATION_ID
    java.lang.String BUILD_TYPE -> BUILD_TYPE
    java.lang.String FLAVOR -> FLAVOR
    int VERSION_CODE -> VERSION_CODE
    java.lang.String VERSION_NAME -> VERSION_NAME
    java.lang.String MP_CONFIG_URL -> MP_CONFIG_URL
    java.lang.String MP_URL -> MP_URL
com.mparticle.MPEvent -> com.mparticle.MPEvent:
    com.mparticle.MParticle$EventType eventType -> a
    java.lang.String eventName -> b
    java.lang.String category -> c
    java.util.Map info -> d
    java.lang.Double duration -> e
    java.lang.Double startTime -> f
    java.lang.Double endTime -> g
    73:100:java.lang.String toString() -> toString
    104:104:java.lang.String getEventName() -> getEventName
    108:108:java.lang.String getCategory() -> getCategory
    112:112:java.util.Map getInfo() -> getInfo
    116:116:com.mparticle.MParticle$EventType getEventType() -> getEventType
    120:127:java.lang.Double getLength() -> getLength
com.mparticle.MPEvent$Builder -> com.mparticle.MPEvent$Builder:
    com.mparticle.MParticle$EventType eventType -> a
    java.lang.String eventName -> b
    java.lang.String category -> c
    java.util.Map info -> d
    java.lang.Double duration -> e
    java.lang.Double startTime -> f
    java.lang.Double endTime -> g
    166:169:com.mparticle.MPEvent$Builder eventName(java.lang.String) -> eventName
    181:184:com.mparticle.MPEvent$Builder eventType(com.mparticle.MParticle$EventType) -> eventType
    195:196:com.mparticle.MPEvent$Builder category(java.lang.String) -> category
    208:209:com.mparticle.MPEvent$Builder duration(double) -> duration
    219:220:com.mparticle.MPEvent$Builder info(java.util.Map) -> info
    246:246:com.mparticle.MPEvent$Builder startTime() -> startTime
    257:257:com.mparticle.MPEvent$Builder endTime() -> endTime
    277:277:com.mparticle.MPEvent build() -> build
    287:316:com.mparticle.MPEvent$Builder parseString(java.lang.String) -> parseString
    337:364:java.lang.String toString() -> toString
    135:135:com.mparticle.MParticle$EventType access$000(com.mparticle.MPEvent$Builder) -> a
    135:135:java.lang.String access$100(com.mparticle.MPEvent$Builder) -> b
    135:135:java.util.Map access$200(com.mparticle.MPEvent$Builder) -> c
    135:135:java.lang.String access$300(com.mparticle.MPEvent$Builder) -> d
    135:135:java.lang.Double access$400(com.mparticle.MPEvent$Builder) -> e
    135:135:java.lang.Double access$500(com.mparticle.MPEvent$Builder) -> f
    135:135:java.lang.Double access$600(com.mparticle.MPEvent$Builder) -> g
com.mparticle.MPProduct -> com.mparticle.MPProduct:
    java.lang.String NAME -> NAME
    java.lang.String SKU -> SKU
    java.lang.String AFFILIATION -> AFFILIATION
    java.lang.String UNITPRICE -> UNITPRICE
    java.lang.String QUANTITY -> QUANTITY
    java.lang.String TOTALAMOUNT -> TOTALAMOUNT
    java.lang.String TAX -> TAX
    java.lang.String SHIPPING -> SHIPPING
    java.lang.String CATEGORY -> CATEGORY
    java.lang.String CURRENCY -> CURRENCY
    java.lang.String TRANSACTION_ID -> TRANSACTION_ID
    99:99:double getUnitPrice() -> getUnitPrice
    103:103:double getQuantity() -> getQuantity
    107:107:java.lang.String getProductCategory() -> getProductCategory
    111:111:double getTotalAmount() -> getTotalAmount
    115:115:double getTaxAmount() -> getTaxAmount
    119:119:double getShippingAmount() -> getShippingAmount
    123:123:java.lang.String getCurrencyCode() -> getCurrencyCode
    127:127:java.lang.String getAffiliation() -> getAffiliation
    131:131:java.lang.String getTransactionId() -> getTransactionId
    135:135:java.lang.String getProductName() -> getProductName
    139:139:java.lang.String get(java.lang.Object,java.lang.String) -> get
com.mparticle.MPProduct$Builder -> com.mparticle.MPProduct$Builder:
    java.lang.String productName -> a
    java.lang.String productSku -> b
    java.lang.Double productUnitPrice -> c
    java.lang.Integer quantity -> d
    java.lang.String productCategory -> e
    java.lang.Double totalAmount -> f
    java.lang.Double taxAmount -> g
    java.lang.Double shippingAmount -> h
    java.lang.String currencyCode -> i
    java.lang.String affiliation -> j
    java.lang.String transactionId -> k
    182:183:com.mparticle.MPProduct$Builder unitPrice(double) -> unitPrice
    193:194:com.mparticle.MPProduct$Builder quantity(int) -> quantity
    204:205:com.mparticle.MPProduct$Builder productCategory(java.lang.String) -> productCategory
    215:216:com.mparticle.MPProduct$Builder totalAmount(double) -> totalAmount
    226:227:com.mparticle.MPProduct$Builder taxAmount(double) -> taxAmount
    237:238:com.mparticle.MPProduct$Builder shippingAmount(double) -> shippingAmount
    248:249:com.mparticle.MPProduct$Builder currencyCode(java.lang.String) -> currencyCode
    259:260:com.mparticle.MPProduct$Builder affiliation(java.lang.String) -> affiliation
    270:271:com.mparticle.MPProduct$Builder transactionId(java.lang.String) -> transactionId
    281:281:com.mparticle.MPProduct build() -> build
    147:147:java.lang.String access$000(com.mparticle.MPProduct$Builder) -> a
    147:147:java.lang.String access$100(com.mparticle.MPProduct$Builder) -> b
    147:147:java.lang.String access$200(com.mparticle.MPProduct$Builder) -> c
    147:147:java.lang.Double access$300(com.mparticle.MPProduct$Builder) -> d
    147:147:java.lang.Integer access$400(com.mparticle.MPProduct$Builder) -> e
    147:147:java.lang.Double access$500(com.mparticle.MPProduct$Builder) -> f
    147:147:java.lang.Double access$600(com.mparticle.MPProduct$Builder) -> g
    147:147:java.lang.Double access$700(com.mparticle.MPProduct$Builder) -> h
    147:147:java.lang.String access$800(com.mparticle.MPProduct$Builder) -> i
    147:147:java.lang.String access$900(com.mparticle.MPProduct$Builder) -> j
    147:147:java.lang.String access$1000(com.mparticle.MPProduct$Builder) -> k
com.mparticle.MPProduct$Event -> com.mparticle.MPProduct$Event:
    com.mparticle.MPProduct$Event VIEW -> VIEW
    com.mparticle.MPProduct$Event ADD_TO_WISHLIST -> ADD_TO_WISHLIST
    com.mparticle.MPProduct$Event REMOVE_FROM_WISHLIST -> REMOVE_FROM_WISHLIST
    com.mparticle.MPProduct$Event ADD_TO_CART -> ADD_TO_CART
    com.mparticle.MPProduct$Event REMOVE_FROM_CART -> REMOVE_FROM_CART
    com.mparticle.MPProduct$Event PURCHASE -> PURCHASE
    java.lang.String description -> a
    com.mparticle.MPProduct$Event[] $VALUES -> b
    21:21:com.mparticle.MPProduct$Event[] values() -> values
    21:21:com.mparticle.MPProduct$Event valueOf(java.lang.String) -> valueOf
    36:36:java.lang.String toString() -> toString
com.mparticle.MPReceiver -> com.mparticle.MPReceiver:
    java.lang.String MPARTICLE_IGNORE -> MPARTICLE_IGNORE
    84:107:void onReceive(android.content.Context,android.content.Intent) -> onReceive
    119:119:boolean onNotificationReceived(com.mparticle.messaging.AbstractCloudMessage) -> onNotificationReceived
    131:131:boolean onNotificationTapped(com.mparticle.messaging.AbstractCloudMessage,com.mparticle.messaging.CloudAction) -> onNotificationTapped
com.mparticle.MPReceiver$1 -> com.mparticle.MPReceiver$1:
    69:73:void run() -> run
com.mparticle.MPService -> com.mparticle.MPService:
    java.lang.String INTERNAL_NOTIFICATION_TAP -> INTERNAL_NOTIFICATION_TAP
    java.lang.Object LOCK -> a
    android.os.PowerManager$WakeLock sWakeLock -> b
    80:89:void runIntentInService(android.content.Context,android.content.Intent) -> runIntentInService
    97:129:void onHandleIntent(android.content.Intent) -> onHandleIntent
    187:195:java.lang.String getAppState() -> c
    238:248:void broadcastNotificationReceived(com.mparticle.messaging.AbstractCloudMessage) -> a
    44:44:java.lang.String access$000(com.mparticle.MPService) -> a
    44:44:java.lang.Object access$100() -> a
    44:44:android.os.PowerManager$WakeLock access$200() -> b
com.mparticle.MPService$1 -> com.mparticle.MPService$1:
    56:60:void run() -> run
com.mparticle.MPService$2 -> com.mparticle.MPService$2:
    com.mparticle.messaging.AbstractCloudMessage val$message -> a
    boolean val$isNetworkingEnabled -> b
    com.mparticle.MPService this$0 -> c
    137:137:void onPostExecute(java.lang.Object) -> onPostExecute
    137:137:java.lang.Object doInBackground(java.lang.Object[]) -> doInBackground
com.mparticle.MPUnityException -> com.mparticle.MPUnityException:
    java.lang.String stackTrace -> a
    34:34:java.lang.String getManualStackTrace() -> getManualStackTrace
com.mparticle.MParticle -> com.mparticle.MParticle:
    com.mparticle.internal.ConfigManager mConfigManager -> a
    com.mparticle.internal.AppStateManager mAppStateManager -> b
    com.mparticle.internal.np.MeasuredRequestManager measuredRequestManager -> c
    com.mparticle.internal.embedded.EmbeddedKitManager mEmbeddedKitManager -> d
    org.json.JSONArray mUserIdentities -> e
    java.lang.String mSessionID -> f
    org.json.JSONObject mUserAttributes -> g
    org.json.JSONObject mSessionAttributes -> h
    long mSessionStartTime -> i
    long mLastEventTime -> j
    com.mparticle.internal.MessageManager mMessageManager -> k
    com.mparticle.MParticle instance -> l
    android.content.SharedPreferences mPreferences -> m
    com.mparticle.internal.MPLocationListener mLocationListener -> n
    com.mparticle.internal.ExceptionHandler mExHandler -> o
    android.content.Context mAppContext -> p
    java.lang.String mApiKey -> q
    int mEventCount -> r
    com.mparticle.MParticle$MParticleInternal mInternal -> s
    com.mparticle.messaging.MPMessagingAPI mMessaging -> t
    com.mparticle.media.MPMediaAPI mMedia -> u
    166:167:void start(android.content.Context) -> start
    183:184:void start(android.content.Context,com.mparticle.MParticle$InstallType) -> start
    207:211:void start(android.content.Context,com.mparticle.MParticle$InstallType,com.mparticle.MParticle$Environment) -> start
    222:250:com.mparticle.MParticle getInstance(android.content.Context,com.mparticle.MParticle$InstallType,com.mparticle.MParticle$Environment) -> a
    260:264:com.mparticle.MParticle getInstance() -> getInstance
    277:283:void activityStarted(android.app.Activity) -> activityStarted
    294:300:void activityStopped(android.app.Activity) -> activityStopped
    306:310:void beginSession() -> beginSession
    316:320:void endSession() -> endSession
    323:329:void endSession(long) -> a
    333:333:boolean isSessionActive() -> a
    337:343:void ensureActiveSession() -> b
    349:357:void newSession() -> c
    363:364:void upload() -> upload
    371:374:void setInstallReferrer(java.lang.String) -> setInstallReferrer
    377:377:java.lang.String getInstallReferrer() -> getInstallReferrer
    387:388:void logEvent(java.lang.String,com.mparticle.MParticle$EventType) -> logEvent
    398:399:void logEvent(java.lang.String,com.mparticle.MParticle$EventType,java.lang.String) -> logEvent
    409:410:void logEvent(java.lang.String,com.mparticle.MParticle$EventType,long) -> logEvent
    420:421:void logEvent(java.lang.String,com.mparticle.MParticle$EventType,java.util.Map) -> logEvent
    432:433:void logEvent(java.lang.String,com.mparticle.MParticle$EventType,java.util.Map,java.lang.String) -> logEvent
    444:445:void logEvent(java.lang.String,com.mparticle.MParticle$EventType,java.util.Map,long) -> logEvent
    457:464:void logEvent(java.lang.String,com.mparticle.MParticle$EventType,java.util.Map,long,java.lang.String) -> logEvent
    467:473:void logEvent(com.mparticle.MPEvent) -> logEvent
    484:494:void logLtvIncrease(java.math.BigDecimal,java.lang.String,java.util.Map) -> logLtvIncrease
    506:551:void logProductEvent(com.mparticle.MPProduct$Event,com.mparticle.MPProduct) -> logProductEvent
    560:561:void logTransaction(com.mparticle.MPProduct) -> logTransaction
    569:570:void logScreen(java.lang.String) -> logScreen
    579:580:void logScreen(java.lang.String,java.util.Map) -> logScreen
    589:602:void leaveBreadcrumb(java.lang.String) -> leaveBreadcrumb
    610:611:void logError(java.lang.String) -> logError
    620:635:void logError(java.lang.String,java.util.Map) -> logError
    638:644:void logNetworkPerformance(java.lang.String,long,java.lang.String,long,long,long,java.lang.String) -> logNetworkPerformance
    710:715:void setNetworkTrackingEnabled(boolean) -> setNetworkTrackingEnabled
    725:726:void excludeUrlFromNetworkPerformanceMeasurement(java.lang.String) -> excludeUrlFromNetworkPerformanceMeasurement
    736:737:void addNetworkPerformanceQueryOnlyFilter(java.lang.String) -> addNetworkPerformanceQueryOnlyFilter
    747:748:void resetNetworkPerformanceExclusionsAndFilters() -> resetNetworkPerformanceExclusionsAndFilters
    756:757:void logException(java.lang.Exception) -> logException
    766:767:void logException(java.lang.Exception,java.util.Map) -> logException
    777:789:void logException(java.lang.Exception,java.util.Map,java.lang.String) -> logException
    802:821:void enableLocationTracking(java.lang.String,long,long) -> enableLocationTracking
    827:832:void disableLocationTracking() -> disableLocationTracking
    840:842:void setLocation(android.location.Location) -> setLocation
    851:866:void setSessionAttribute(java.lang.String,java.lang.Object) -> setSessionAttribute
    875:888:void incrementSessionAttribute(java.lang.String,int) -> incrementSessionAttribute
    897:903:void logout() -> logout
    912:928:void setUserAttribute(java.lang.String,java.lang.Object) -> setUserAttribute
    937:948:void incrementUserAttribute(java.lang.String,int) -> incrementUserAttribute
    956:965:void removeUserAttribute(java.lang.String) -> removeUserAttribute
    986:987:void setUserTag(java.lang.String) -> setUserTag
    995:996:void removeUserTag(java.lang.String) -> removeUserTag
    1007:1049:void setUserIdentity(java.lang.String,com.mparticle.MParticle$IdentityType) -> setUserIdentity
    1062:1091:void removeUserIdentity(java.lang.String) -> removeUserIdentity
    1099:1099:java.lang.Boolean getOptOut() -> getOptOut
    1108:1121:void setOptOut(java.lang.Boolean) -> setOptOut
    1133:1133:android.net.Uri getSurveyUrl(int) -> getSurveyUrl
    1146:1147:void setEnvironment(com.mparticle.MParticle$Environment) -> setEnvironment
    1155:1155:com.mparticle.MParticle$Environment getEnvironment() -> getEnvironment
    1164:1165:void setUploadInterval(int) -> setUploadInterval
    1171:1172:void enableUncaughtExceptionLogging() -> enableUncaughtExceptionLogging
    1178:1179:void disableUncaughtExceptionLogging() -> disableUncaughtExceptionLogging
    1188:1193:java.lang.Boolean checkEventLimit() -> d
    1238:1238:java.lang.Boolean isAutoTrackingEnabled() -> isAutoTrackingEnabled
    1247:1247:int getSessionTimeout() -> getSessionTimeout
    1258:1259:void setSessionTimeout(int) -> setSessionTimeout
    1262:1265:void getUserSegments(long,java.lang.String,com.mparticle.segmentation.SegmentListener) -> getUserSegments
    1274:1280:void registerWebView(android.webkit.WebView) -> registerWebView
    1292:1295:void setLogLevel(com.mparticle.MParticle$LogLevel) -> setLogLevel
    1303:1306:com.mparticle.messaging.MPMessagingAPI Messaging() -> Messaging
    1315:1328:com.mparticle.media.MPMediaAPI Media() -> Media
    1339:1339:com.mparticle.MParticle$MParticleInternal internal() -> internal
    1343:1344:void saveGcmMessage(com.mparticle.messaging.MPCloudNotificationMessage,java.lang.String) -> a
    1347:1348:void saveGcmMessage(com.mparticle.messaging.ProviderCloudMessage,java.lang.String) -> a
    96:96:void access$100(com.mparticle.MParticle) -> a
    96:96:long access$202(com.mparticle.MParticle,long) -> a
    96:96:java.lang.String access$300(com.mparticle.MParticle) -> b
    96:96:com.mparticle.internal.ExceptionHandler access$400(com.mparticle.MParticle) -> c
    96:96:com.mparticle.internal.ExceptionHandler access$402(com.mparticle.MParticle,com.mparticle.internal.ExceptionHandler) -> a
    96:96:void access$500(com.mparticle.MParticle) -> d
    96:96:long access$600(com.mparticle.MParticle) -> e
    96:96:long access$200(com.mparticle.MParticle) -> f
    96:96:com.mparticle.internal.MessageManager access$700(com.mparticle.MParticle) -> g
    96:96:void access$800(com.mparticle.MParticle,long) -> b
    96:96:java.lang.Boolean access$900(com.mparticle.MParticle) -> h
    96:96:org.json.JSONObject access$1000(com.mparticle.MParticle) -> i
    96:96:org.json.JSONArray access$1100(com.mparticle.MParticle) -> j
    96:96:java.lang.String access$1200(com.mparticle.MParticle) -> k
    96:96:android.content.SharedPreferences access$1300(com.mparticle.MParticle) -> l
    96:96:org.json.JSONArray access$1102(com.mparticle.MParticle,org.json.JSONArray) -> a
    96:96:android.content.Context access$1400(com.mparticle.MParticle) -> m
com.mparticle.MParticle$1 -> com.mparticle.MParticle$1:
    com.mparticle.MParticle this$0 -> a
    1319:1320:void onAudioPlaying() -> onAudioPlaying
    1324:1325:void onAudioStopped() -> onAudioStopped
com.mparticle.MParticle$2 -> com.mparticle.MParticle$2:
    int[] $SwitchMap$com$mparticle$MPProduct$Event -> a
com.mparticle.MParticle$Environment -> com.mparticle.MParticle$Environment:
    com.mparticle.MParticle$Environment AutoDetect -> AutoDetect
    com.mparticle.MParticle$Environment Development -> Development
    com.mparticle.MParticle$Environment Production -> Production
    int value -> a
    com.mparticle.MParticle$Environment[] $VALUES -> b
    1448:1448:com.mparticle.MParticle$Environment[] values() -> values
    1448:1448:com.mparticle.MParticle$Environment valueOf(java.lang.String) -> valueOf
    1469:1469:int getValue() -> getValue
com.mparticle.MParticle$EventType -> com.mparticle.MParticle$EventType:
    com.mparticle.MParticle$EventType Unknown -> Unknown
    com.mparticle.MParticle$EventType Navigation -> Navigation
    com.mparticle.MParticle$EventType Location -> Location
    com.mparticle.MParticle$EventType Search -> Search
    com.mparticle.MParticle$EventType Transaction -> Transaction
    com.mparticle.MParticle$EventType UserContent -> UserContent
    com.mparticle.MParticle$EventType UserPreference -> UserPreference
    com.mparticle.MParticle$EventType Social -> Social
    com.mparticle.MParticle$EventType Other -> Other
    com.mparticle.MParticle$EventType[] $VALUES -> a
    1355:1355:com.mparticle.MParticle$EventType[] values() -> values
    1355:1355:com.mparticle.MParticle$EventType valueOf(java.lang.String) -> valueOf
    1359:1359:java.lang.String toString() -> toString
com.mparticle.MParticle$IdentityType -> com.mparticle.MParticle$IdentityType:
    com.mparticle.MParticle$IdentityType Other -> Other
    com.mparticle.MParticle$IdentityType CustomerId -> CustomerId
    com.mparticle.MParticle$IdentityType Facebook -> Facebook
    com.mparticle.MParticle$IdentityType Twitter -> Twitter
    com.mparticle.MParticle$IdentityType Google -> Google
    com.mparticle.MParticle$IdentityType Microsoft -> Microsoft
    com.mparticle.MParticle$IdentityType Yahoo -> Yahoo
    com.mparticle.MParticle$IdentityType Email -> Email
    com.mparticle.MParticle$IdentityType Alias -> Alias
    int value -> a
    com.mparticle.MParticle$IdentityType[] $VALUES -> b
    1393:1393:com.mparticle.MParticle$IdentityType[] values() -> values
    1393:1393:com.mparticle.MParticle$IdentityType valueOf(java.lang.String) -> valueOf
    1411:1427:com.mparticle.MParticle$IdentityType parseInt(int) -> parseInt
    1433:1433:int getValue() -> getValue
    1393:1393:int access$000(com.mparticle.MParticle$IdentityType) -> a
com.mparticle.MParticle$InstallType -> com.mparticle.MParticle$InstallType:
    com.mparticle.MParticle$InstallType AutoDetect -> AutoDetect
    com.mparticle.MParticle$InstallType KnownInstall -> KnownInstall
    com.mparticle.MParticle$InstallType KnownUpgrade -> KnownUpgrade
    com.mparticle.MParticle$InstallType[] $VALUES -> a
    1368:1368:com.mparticle.MParticle$InstallType[] values() -> values
    1368:1368:com.mparticle.MParticle$InstallType valueOf(java.lang.String) -> valueOf
    1383:1383:java.lang.String toString() -> toString
com.mparticle.MParticle$LogLevel -> com.mparticle.MParticle$LogLevel:
    com.mparticle.MParticle$LogLevel NONE -> NONE
    com.mparticle.MParticle$LogLevel ERROR -> ERROR
    com.mparticle.MParticle$LogLevel WARNING -> WARNING
    com.mparticle.MParticle$LogLevel DEBUG -> DEBUG
    com.mparticle.MParticle$LogLevel[] $VALUES -> a
    1486:1486:com.mparticle.MParticle$LogLevel[] values() -> values
    1486:1486:com.mparticle.MParticle$LogLevel valueOf(java.lang.String) -> valueOf
com.mparticle.MParticle$MParticleInternal -> com.mparticle.MParticle$MParticleInternal:
    com.mparticle.MParticle this$0 -> a
    1571:1571:com.mparticle.internal.np.MeasuredRequestManager getMeasuredRequestManager() -> getMeasuredRequestManager
    1575:1575:com.mparticle.internal.ConfigManager getConfigurationManager() -> getConfigurationManager
    1579:1579:java.lang.String getSessionId() -> getSessionId
    1583:1583:boolean isBackgrounded() -> isBackgrounded
    1587:1597:void enableUncaughtExceptionLogging(boolean) -> enableUncaughtExceptionLogging
    1600:1610:void disableUncaughtExceptionLogging(boolean) -> disableUncaughtExceptionLogging
    1613:1619:void beginMeasuringNetworkPerformance(boolean) -> beginMeasuringNetworkPerformance
    1622:1636:void endMeasuringNetworkPerformance(boolean) -> endMeasuringNetworkPerformance
    1639:1646:void logUnhandledError(java.lang.Throwable) -> logUnhandledError
    1654:1680:void logScreen(java.lang.String,java.util.Map,java.lang.Boolean) -> logScreen
    1683:1683:boolean isSessionActive() -> isSessionActive
    1687:1688:void logStateTransition(java.lang.String,java.lang.String) -> logStateTransition
    1691:1706:void logStateTransition(java.lang.String,java.lang.String,long,long,java.lang.String,java.lang.String,java.lang.String,int) -> logStateTransition
    1709:1709:org.json.JSONObject getUserAttributes() -> getUserAttributes
    1713:1742:org.json.JSONArray getUserIdentities() -> getUserIdentities
    1747:1747:com.mparticle.internal.embedded.EmbeddedKitManager getEmbeddedKitManager() -> getEmbeddedKitManager
    1751:1753:void clearPushNotificationId() -> clearPushNotificationId
    1756:1758:void setPushRegistrationId(java.lang.String) -> setPushRegistrationId
    1761:1761:java.lang.Boolean shouldProcessUrl(java.lang.String) -> shouldProcessUrl
    1766:1768:void refreshConfiguration() -> refreshConfiguration
    1771:1772:void logNotification(com.mparticle.messaging.MPCloudNotificationMessage,com.mparticle.messaging.CloudAction,boolean,java.lang.String,int) -> logNotification
    1775:1781:void logNotification(com.mparticle.messaging.ProviderCloudMessage,boolean,java.lang.String) -> logNotification
    1784:1790:void logNotification(int,java.lang.String,com.mparticle.messaging.CloudAction,boolean,java.lang.String,int) -> logNotification
    1793:1793:com.mparticle.internal.MessageManager getMessageManager() -> getMessageManager
    1800:1808:java.lang.Boolean checkSessionTimeout() -> checkSessionTimeout
com.mparticle.MParticle$ServiceProviders -> com.mparticle.MParticle$ServiceProviders:
    int FORESEE_ID -> FORESEE_ID
com.mparticle.MParticle$UserAttributes -> com.mparticle.MParticle$UserAttributes:
    java.lang.String MOBILE_NUMBER -> MOBILE_NUMBER
    java.lang.String GENDER -> GENDER
    java.lang.String AGE -> AGE
    java.lang.String COUNTRY -> COUNTRY
    java.lang.String ZIPCODE -> ZIPCODE
    java.lang.String CITY -> CITY
    java.lang.String STATE -> STATE
    java.lang.String ADDRESS -> ADDRESS
    java.lang.String FIRSTNAME -> FIRSTNAME
    java.lang.String LASTNAME -> LASTNAME
com.mparticle.ReferrerReceiver -> com.mparticle.ReferrerReceiver:
    37:38:void onReceive(android.content.Context,android.content.Intent) -> onReceive
    41:54:void setInstallReferrer(android.content.Context,android.content.Intent) -> a
com.mparticle.activity.MPActivity -> com.mparticle.activity.MPActivity:
    26:28:void onStart() -> onStart
    32:34:void onStop() -> onStop
com.mparticle.activity.MPListActivity -> com.mparticle.activity.MPListActivity:
    26:28:void onStart() -> onStart
    32:34:void onStop() -> onStop
com.mparticle.internal.AppConfig -> com.mparticle.internal.a:
    android.content.Context mContext -> m
    java.lang.String mKey -> a
    java.lang.String mSecret -> b
    boolean reportUncaughtExceptions -> c
    int sessionTimeout -> d
    int uploadInterval -> e
    boolean isPushEnabled -> f
    java.lang.String pushSenderId -> g
    java.lang.String licenseKey -> h
    boolean isLicensingEnabled -> i
    boolean autoTrackingEnabled -> j
    boolean networkingEnabled -> k
    com.mparticle.MParticle$Environment mEnvironment -> n
    com.mparticle.MParticle$LogLevel logLevel -> l
    107:129:void delayedInit() -> a
    132:132:int getResourceId(java.lang.String,java.lang.String) -> a
    136:143:java.lang.String getString(java.lang.String,java.lang.String) -> b
    147:152:boolean getBoolean(java.lang.String,boolean) -> a
    156:161:int getInteger(java.lang.String,int) -> a
    165:165:com.mparticle.MParticle$Environment getEnvironment() -> b
com.mparticle.internal.AppStateManager -> com.mparticle.internal.b:
    com.mparticle.internal.ConfigManager mConfigManager -> b
    android.content.Context mContext -> c
    android.content.SharedPreferences mPreferences -> d
    com.mparticle.internal.embedded.EmbeddedKitManager mEmbeddedKitManager -> e
    java.lang.String mCurrentActivity -> f
    boolean mInitialized -> a
    java.util.concurrent.atomic.AtomicInteger mActivities -> g
    java.util.concurrent.atomic.AtomicLong mLastStoppedTime -> h
    android.os.Handler delayedBackgroundCheckHandler -> i
    java.util.concurrent.atomic.AtomicInteger mInterruptionCount -> j
    long mLastForegroundTime -> k
    java.lang.String previousSessionPackage -> l
    java.lang.String previousSessionParameters -> m
    java.lang.String previousSessionUri -> n
    97:146:void onActivityStarted(android.app.Activity,int) -> a
    174:199:void onActivityStopped(android.app.Activity,int) -> b
    212:213:void onActivityCreated(android.app.Activity,int) -> c
    217:218:void onActivityResumed(android.app.Activity,int) -> d
    222:223:void onActivityPaused(android.app.Activity,int) -> e
    238:238:boolean isBackgrounded() -> a
    246:246:java.lang.String getCurrentActivity() -> b
    26:26:void access$000(com.mparticle.internal.AppStateManager) -> a
    26:26:void access$100(com.mparticle.internal.AppStateManager) -> b
com.mparticle.internal.AppStateManager$1 -> com.mparticle.internal.b$1:
    com.mparticle.internal.AppStateManager this$0 -> a
    182:189:void run() -> run
com.mparticle.internal.AppStateManager$2 -> com.mparticle.internal.b$2:
    205:206:void run() -> run
com.mparticle.internal.ConfigManager -> com.mparticle.internal.c:
    org.json.JSONObject mCurrentCookies -> a
    android.content.Context mContext -> b
    android.content.SharedPreferences mPreferences -> c
    com.mparticle.internal.embedded.EmbeddedKitManager mEmbeddedKitManager -> d
    com.mparticle.internal.AppConfig sLocalPrefs -> e
    org.json.JSONArray sPushKeys -> f
    java.lang.String mLogUnhandledExceptions -> g
    boolean mSendOoEvents -> h
    org.json.JSONObject mProviderPersistence -> i
    java.lang.String mNetworkPerformance -> j
    int mRampValue -> k
    int mSessionTimeoutInterval -> l
    int mUploadInterval -> m
    long mInfluenceOpenTimeout -> n
    org.json.JSONArray mTriggerMessageMatches -> o
    org.json.JSONArray mTriggerMessageHashes -> p
    88:97:void restore() -> a
    100:101:void updateConfig(org.json.JSONObject) -> a
    103:162:void updateConfig(org.json.JSONObject,boolean) -> a
    170:180:void delayedStart() -> b
    196:196:org.json.JSONArray getTriggerMessageMatches() -> c
    200:200:long getInfluenceOpenTimeoutMillis() -> d
    219:222:boolean getLogUnhandledExceptions() -> e
    227:228:void setLogUnhandledExceptions(boolean) -> a
    231:231:java.lang.String getApiKey() -> f
    235:235:java.lang.String getApiSecret() -> g
    239:245:long getUploadInterval() -> h
    251:251:com.mparticle.MParticle$Environment getEnvironment() -> i
    255:256:void setUploadInterval(int) -> a
    259:262:int getSessionTimeout() -> j
    267:268:void setSessionTimeout(int) -> b
    276:278:java.lang.String getPushSenderId() -> w
    282:286:void setPushSenderId(java.lang.String) -> setPushSenderId
    289:290:void log(com.mparticle.MParticle$LogLevel,java.lang.String[]) -> a
    293:324:void log(com.mparticle.MParticle$LogLevel,java.lang.Throwable,java.lang.String[]) -> a
    335:338:void setPushSoundEnabled(boolean) -> setPushSoundEnabled
    341:344:void setPushVibrationEnabled(boolean) -> setPushVibrationEnabled
    347:348:boolean isEnabled() -> k
    352:354:void setOptOut(boolean) -> b
    357:357:boolean getOptedOut() -> l
    361:361:boolean isAutoTrackingEnabled() -> m
    365:365:boolean isPushSoundEnabled() -> n
    368:368:boolean isPushVibrationEnabled() -> o
    372:375:void setPushNotificationIcon(int) -> setPushNotificationIcon
    378:381:void setPushNotificationTitle(int) -> setPushNotificationTitle
    388:396:org.json.JSONArray getPushKeys(android.content.Context) -> a
    400:400:int getPushTitle(android.content.Context) -> b
    405:405:int getPushIcon(android.content.Context) -> c
    410:410:int getBreadcrumbLimit() -> p
    420:421:void setProviderPersistence(org.json.JSONObject) -> c
    424:424:org.json.JSONObject getProviderPersistence() -> q
    428:428:boolean isNetworkPerformanceEnabled() -> r
    433:434:void setNetworkingEnabled(boolean) -> c
    438:450:void setCookies(org.json.JSONObject) -> b
    453:490:org.json.JSONObject getCookies() -> s
    495:496:void setMpid(long) -> a
    499:499:long getMpid() -> t
    507:508:void setLogLevel(com.mparticle.MParticle$LogLevel) -> a
    511:511:int getCurrentRampValue() -> u
    515:515:org.json.JSONArray getTriggerMessageHashes() -> v
com.mparticle.internal.ConfigManager$1 -> com.mparticle.internal.c$1:
    int[] $SwitchMap$com$mparticle$MParticle$LogLevel -> a
com.mparticle.internal.Constants -> com.mparticle.internal.d:
    byte[] LICENSE_CHECK_SALT -> a
com.mparticle.internal.DeviceAttributes -> com.mparticle.internal.e:
    java.lang.String mMessageType -> a
    java.lang.String mSessionId -> b
    long mSessionStartTime -> c
    long mTimestamp -> d
    java.lang.String mName -> e
    org.json.JSONObject mAttributes -> f
    android.location.Location mLocation -> g
    java.lang.String mDataConnection -> h
    java.lang.Double mLength -> i
    java.lang.String sOpenUDID -> j
    35:113:org.json.JSONObject collectAppInfo(android.content.Context) -> a
    123:200:org.json.JSONObject collectDeviceInfo(android.content.Context) -> b
    15:22:long getAvailableMemory(android.os.StatFs) -> a
    117:118:com.mparticle.internal.DeviceAttributes sessionStartTime$1b3aa3fd(long) -> a
    121:122:com.mparticle.internal.DeviceAttributes timestamp$1b3aa3fd(long) -> b
    125:126:com.mparticle.internal.DeviceAttributes name$1a12ba0d(java.lang.String) -> a
    129:130:com.mparticle.internal.DeviceAttributes attributes$1e39ea37(org.json.JSONObject) -> a
    134:134:com.mparticle.internal.MPMessage build() -> a
    138:139:com.mparticle.internal.DeviceAttributes dataConnection$1a12ba0d(java.lang.String) -> b
    143:144:com.mparticle.internal.DeviceAttributes length$71db3e4d(java.lang.Double) -> a
    99:99:java.lang.String access$000$5530b31(com.mparticle.internal.DeviceAttributes) -> a
    99:99:long access$100$3698bfe5(com.mparticle.internal.DeviceAttributes) -> b
    99:99:java.lang.String access$200$5530b31(com.mparticle.internal.DeviceAttributes) -> c
    99:99:long access$300$3698bfe5(com.mparticle.internal.DeviceAttributes) -> d
    99:99:java.lang.String access$400$5530b31(com.mparticle.internal.DeviceAttributes) -> e
    99:99:java.lang.Double access$500$2731aef1(com.mparticle.internal.DeviceAttributes) -> f
    99:99:org.json.JSONObject access$600$5e4d31a1(com.mparticle.internal.DeviceAttributes) -> g
    99:99:org.json.JSONObject access$602$6a578525(com.mparticle.internal.DeviceAttributes,org.json.JSONObject) -> a
    99:99:java.lang.String access$700$5530b31(com.mparticle.internal.DeviceAttributes) -> h
    99:99:android.location.Location access$800$481b89f3(com.mparticle.internal.DeviceAttributes) -> i
    60:103:java.lang.String getCpuUsage() -> b
    148:156:long getDiskSpace(java.io.File) -> a
    160:160:long millitime() -> c
    164:164:java.lang.String getAndroidID(android.content.Context) -> c
    205:218:long getTotalMemoryPreJB() -> d
    223:237:java.lang.String getOpenUDID(android.content.Context) -> e
    246:285:java.lang.String getBuildUUID(android.content.Context) -> f
    289:296:java.lang.String convertBytesToUUID(byte[],boolean) -> a
    360:371:java.lang.Object getAccessibleObject(java.lang.reflect.Field,java.lang.Object) -> a
    375:385:java.lang.reflect.Field getAccessibleField(java.lang.Class,java.lang.Class) -> a
    389:397:java.lang.reflect.Constructor getConstructor(java.lang.String,java.lang.String[]) -> a
    417:431:boolean isPhoneRooted() -> h
    435:446:int mpHash(java.lang.String) -> c
    462:463:boolean checkPermission(android.content.Context,java.lang.String) -> a
    467:476:boolean isGmsAdIdAvailable() -> e
    482:487:boolean isSupportLibAvailable() -> f
    492:497:boolean isGcmServicesAvailable() -> g
    528:551:org.json.JSONObject wrapExtras(android.os.Bundle) -> a
    556:556:boolean isAppDebuggable(android.content.Context) -> d
    568:577:org.json.JSONObject enforceAttributeConstraints(java.util.Map) -> a
    580:580:java.lang.Boolean setCheckedAttribute(org.json.JSONObject,java.lang.String,java.lang.Object,boolean) -> a
    584:623:java.lang.Boolean setCheckedAttribute(org.json.JSONObject,java.lang.String,java.lang.Object,java.lang.Boolean,boolean) -> a
    627:634:java.lang.String findCaseInsensitiveKey(org.json.JSONObject,java.lang.String) -> a
com.mparticle.internal.ExceptionHandler -> com.mparticle.internal.f:
    java.lang.ref.WeakReference mOriginalUncaughtExceptionHandler -> a
    27:39:void uncaughtException(java.lang.Thread,java.lang.Throwable) -> uncaughtException
    42:45:java.lang.Thread$UncaughtExceptionHandler getOriginalExceptionHandler() -> a
com.mparticle.internal.IMPApiClient -> com.mparticle.internal.g:
    void fetchConfig() -> a
    java.net.HttpURLConnection sendMessageBatch(java.lang.String) -> a
    org.json.JSONObject fetchAudiences() -> b
    boolean isThrottled() -> c
com.mparticle.internal.MPActivityCallbacks -> com.mparticle.internal.h:
    void onActivityCreated(android.app.Activity,int) -> c
    void onActivityResumed(android.app.Activity,int) -> d
    void onActivityPaused(android.app.Activity,int) -> e
    void onActivityStopped(android.app.Activity,int) -> b
    void onActivityStarted(android.app.Activity,int) -> a
com.mparticle.internal.MPLicenseCheckerCallback -> com.mparticle.internal.i:
    java.lang.ref.WeakReference mClientCallback -> a
    android.content.SharedPreferences mPreference -> b
    31:40:void allow(int) -> allow
    43:52:void dontAllow(int) -> dontAllow
    55:64:void applicationError(int) -> applicationError
com.mparticle.internal.MPLifecycleCallbackDelegate -> com.mparticle.internal.j:
    com.mparticle.internal.AppStateManager mStateManager -> a
    23:24:void onActivityCreated(android.app.Activity,android.os.Bundle) -> onActivityCreated
    28:29:void onActivityStarted(android.app.Activity) -> onActivityStarted
    33:34:void onActivityResumed(android.app.Activity) -> onActivityResumed
    38:39:void onActivityPaused(android.app.Activity) -> onActivityPaused
    43:44:void onActivityStopped(android.app.Activity) -> onActivityStopped
    49:49:void onActivitySaveInstanceState(android.app.Activity,android.os.Bundle) -> onActivitySaveInstanceState
    54:54:void onActivityDestroyed(android.app.Activity) -> onActivityDestroyed
com.mparticle.internal.MPLocationListener -> com.mparticle.internal.k:
    com.mparticle.MParticle mParticle -> a
    21:24:void onLocationChanged(android.location.Location) -> onLocationChanged
    29:29:void onStatusChanged(java.lang.String,int,android.os.Bundle) -> onStatusChanged
    34:34:void onProviderEnabled(java.lang.String) -> onProviderEnabled
    39:39:void onProviderDisabled(java.lang.String) -> onProviderDisabled
com.mparticle.internal.MPMessage -> com.mparticle.internal.l:
    68:72:long getTimestamp() -> a
    76:79:java.lang.String getSessionId() -> b
com.mparticle.internal.MParticleApiClient -> com.mparticle.internal.m:
    java.lang.String SECURE_SERVICE_SCHEME -> a
    java.lang.String API_HOST -> b
    java.lang.String CONFIG_HOST -> c
    boolean DEBUGGING -> d
    char[] HEX_CHARS -> e
    com.mparticle.internal.ConfigManager mConfigManager -> f
    java.lang.String mApiSecret -> g
    java.net.URL mConfigUrl -> h
    java.net.URL mEventUrl -> i
    java.lang.String mUserAgent -> j
    android.content.SharedPreferences mPreferences -> k
    java.lang.String mApiKey -> l
    android.content.Context mContext -> m
    java.lang.Integer mDeviceRampNumber -> n
    java.lang.String mSupportedKits -> o
    javax.net.ssl.SSLSocketFactory socketFactory -> p
    java.lang.String etag -> q
    java.lang.String modified -> r
    boolean alreadyWarned -> s
    128:164:void fetchConfig() -> a
    172:192:org.json.JSONObject fetchAudiences() -> b
    198:202:boolean isThrottled() -> c
    206:247:java.net.HttpURLConnection sendMessageBatch(java.lang.String) -> a
    279:296:void logUpload(java.lang.String) -> b
    300:322:void addMessageSignature(java.net.HttpURLConnection,java.lang.String) -> a
    333:338:java.lang.String asHex(byte[]) -> a
    343:349:void addCookies(org.json.JSONObject,com.mparticle.internal.ConfigManager) -> a
    353:360:java.security.cert.Certificate generateCertificate(java.security.cert.CertificateFactory,java.lang.String) -> a
    367:385:javax.net.ssl.SSLSocketFactory getSocketFactory() -> d
    390:407:java.net.HttpURLConnection makeUrlRequest(java.net.HttpURLConnection,boolean) -> a
    411:424:org.json.JSONObject getJsonResponse(java.net.HttpURLConnection) -> a
    429:448:void parseMparticleJson(org.json.JSONObject) -> a
    474:477:void checkThrottleTime() -> e
    495:512:java.lang.String getSupportedKitString() -> f
com.mparticle.internal.MParticleApiClient$MPConfigException -> com.mparticle.internal.m$a:
com.mparticle.internal.MParticleApiClient$MPRampException -> com.mparticle.internal.m$b:
com.mparticle.internal.MParticleApiClient$MPThrottleException -> com.mparticle.internal.m$c:
com.mparticle.internal.MParticleDatabase -> com.mparticle.internal.n:
    163:169:void onCreate(android.database.sqlite.SQLiteDatabase) -> onCreate
    174:180:void onUpgrade(android.database.sqlite.SQLiteDatabase,int,int) -> onUpgrade
com.mparticle.internal.MParticleJSInterface -> com.mparticle.internal.o:
com.mparticle.internal.MessageHandler -> com.mparticle.internal.p:
    android.database.sqlite.SQLiteOpenHelper mDbHelper -> a
    android.database.sqlite.SQLiteDatabase db -> b
    com.mparticle.internal.MessageManagerCallbacks mMessageManagerCallbacks -> c
    java.lang.String[] breadcrumbColumns -> d
    java.lang.String[] idColumns -> e
    60:220:void handleMessage(android.os.Message) -> handleMessage
    229:290:boolean validateBehaviorFlags(com.mparticle.internal.MPMessage) -> a
    308:338:void logInfluenceOpenGcmMessages(long) -> a
    369:386:void appendBreadcrumbs(org.json.JSONObject) -> a
    442:460:void dbInsertMessage(com.mparticle.internal.MPMessage) -> b
    477:484:void dbUpdateSessionEndTime(java.lang.String,long,long) -> a
com.mparticle.internal.MessageManager -> com.mparticle.internal.q:
    android.content.Context mContext -> b
    android.content.SharedPreferences mPreferences -> c
    com.mparticle.internal.ConfigManager mConfigManager -> d
    android.os.HandlerThread sMessageHandlerThread -> e
    android.os.HandlerThread sUploadHandlerThread -> f
    com.mparticle.internal.MessageHandler mMessageHandler -> g
    com.mparticle.internal.UploadHandler mUploadHandler -> a
    android.location.Location mLocation -> h
    android.content.BroadcastReceiver sStatusBroadcastReceiver -> i
    java.lang.String sActiveNetworkName -> j
    double sBatteryLevel -> k
    long sStartTime -> l
    com.mparticle.MParticle$InstallType mInstallType -> m
    android.telephony.TelephonyManager sTelephonyManager -> n
    boolean mFirstRun -> o
    130:155:org.json.JSONObject getStateInfo() -> a
    189:236:void startSession(java.lang.String,long) -> a
    247:247:int getCurrentSessionCounter() -> f
    252:269:void updateSessionEnd(java.lang.String,long,long) -> a
    272:276:void endSession(java.lang.String,long,long) -> b
    280:303:void logEvent(java.lang.String,long,long,com.mparticle.MPEvent,java.lang.String) -> a
    311:325:void logScreen(java.lang.String,long,long,java.lang.String,org.json.JSONObject,boolean) -> a
    329:342:void logBreadcrumb(java.lang.String,long,long,java.lang.String) -> a
    346:355:void optOut(java.lang.String,long,long,boolean) -> a
    358:359:void logErrorEvent(java.lang.String,long,long,java.lang.String,java.lang.Throwable,org.json.JSONObject) -> a
    363:391:void logErrorEvent(java.lang.String,long,long,java.lang.String,java.lang.Throwable,org.json.JSONObject,boolean) -> a
    395:411:void logNetworkPerformanceEvent(java.lang.String,long,long,java.lang.String,java.lang.String,long,long,long,java.lang.String) -> a
    416:428:void setPushRegistrationId(java.lang.String,long,long,java.lang.String,boolean) -> a
    432:440:void setSessionAttributes(java.lang.String,org.json.JSONObject) -> a
    455:457:void setLocation(android.location.Location) -> a
    462:524:void logStateTransition(java.lang.String,java.lang.String,long,java.lang.String,java.lang.String,java.lang.String,java.lang.String,long,long,int) -> a
    554:573:void logNotification(java.lang.String,long,com.mparticle.messaging.ProviderCloudMessage,java.lang.String) -> a
    577:610:void logNotification(java.lang.String,long,int,java.lang.String,com.mparticle.messaging.CloudAction,java.lang.String,int) -> a
    615:626:void logProfileAction(java.lang.String,java.lang.String,long) -> a
    630:683:void checkForTrigger(com.mparticle.internal.MPMessage) -> a
    687:698:com.mparticle.internal.MPMessage createMessageSessionEnd(java.lang.String,long,long,long,org.json.JSONObject) -> a
    703:703:java.lang.String getApiKey() -> b
    709:734:void delayedStart() -> c
    738:740:void endUploadLoop() -> d
    743:744:void refreshConfiguration() -> e
    751:756:void saveGcmMessage(com.mparticle.messaging.MPCloudNotificationMessage,java.lang.String) -> a
    759:764:void saveGcmMessage(com.mparticle.messaging.ProviderCloudMessage,java.lang.String) -> a
    788:800:void setDataConnection(android.net.NetworkInfo) -> a
    46:46:double access$102(double) -> a
com.mparticle.internal.MessageManager$StatusBroadcastReceiver -> com.mparticle.internal.q$a:
    com.mparticle.internal.MessageManager this$0 -> a
    770:784:void onReceive(android.content.Context,android.content.Intent) -> onReceive
com.mparticle.internal.MessageManagerCallbacks -> com.mparticle.internal.r:
    void checkForTrigger(com.mparticle.internal.MPMessage) -> a
    com.mparticle.internal.MPMessage createMessageSessionEnd(java.lang.String,long,long,long,org.json.JSONObject) -> a
    java.lang.String getApiKey() -> b
    void delayedStart() -> c
    void endUploadLoop() -> d
com.mparticle.internal.PushRegistrationHelper -> com.mparticle.internal.PushRegistrationHelper:
    21:26:int getAppVersion(android.content.Context) -> d
    39:55:java.lang.String getRegistrationId(android.content.Context) -> a
    64:77:void enablePushNotifications(android.content.Context,java.lang.String) -> a
    86:93:void storeRegistrationId(android.content.Context,java.lang.String) -> b
    99:112:void disablePushNotifications(android.content.Context) -> b
    119:124:void clearPushRegistrationId(android.content.Context) -> c
com.mparticle.internal.PushRegistrationHelper$1 -> com.mparticle.internal.PushRegistrationHelper$1:
    android.content.Context val$context -> a
    java.lang.String val$senderId -> b
    69:74:void run() -> run
com.mparticle.internal.PushRegistrationHelper$2 -> com.mparticle.internal.PushRegistrationHelper$2:
    android.content.Context val$context -> a
    104:109:void run() -> run
com.mparticle.internal.SegmentDatabase -> com.mparticle.internal.s:
    58:60:void onCreate(android.database.sqlite.SQLiteDatabase) -> onCreate
    64:66:void onUpgrade(android.database.sqlite.SQLiteDatabase,int,int) -> onUpgrade
com.mparticle.internal.SegmentRetriever -> com.mparticle.internal.t:
    com.mparticle.internal.SegmentDatabase mAudienceDB -> a
    com.mparticle.internal.IMPApiClient mApiClient -> b
    java.lang.String[] MEMBERSHIP_QUERY_COLUMNS -> c
    43:110:com.mparticle.segmentation.SegmentMembership queryAudiences(java.lang.String) -> a
    28:28:com.mparticle.internal.IMPApiClient access$000(com.mparticle.internal.SegmentRetriever) -> a
    28:28:void access$100(com.mparticle.internal.SegmentRetriever,org.json.JSONObject) -> a
com.mparticle.internal.SegmentRetriever$SegmentTask -> com.mparticle.internal.t$a:
    java.util.concurrent.ExecutorService executor -> b
    java.lang.String endpointId -> c
    com.mparticle.segmentation.SegmentListener listener -> d
    long timeout -> e
    com.mparticle.internal.SegmentRetriever this$0 -> a
    176:198:com.mparticle.segmentation.SegmentMembership doInBackground$30860a48() -> a
    164:164:void onPostExecute(java.lang.Object) -> onPostExecute
    164:164:java.lang.Object doInBackground(java.lang.Object[]) -> doInBackground
com.mparticle.internal.SegmentRetriever$SegmentTask$1 -> com.mparticle.internal.t$a$1:
    com.mparticle.internal.SegmentRetriever$SegmentTask this$1 -> a
    176:176:java.lang.Object call() -> call
com.mparticle.internal.UploadHandler -> com.mparticle.internal.u:
    android.content.Context mContext -> a
    com.mparticle.internal.MParticleDatabase mDbHelper -> b
    com.mparticle.internal.ConfigManager mConfigManager -> c
    android.database.sqlite.SQLiteDatabase db -> d
    android.content.SharedPreferences mPreferences -> e
    java.lang.String mApiKey -> f
    com.mparticle.internal.SegmentDatabase audienceDB -> g
    com.mparticle.internal.IMPApiClient mApiClient -> h
    boolean isNetworkConnected -> i
    org.json.JSONObject deviceInfo -> j
    org.json.JSONObject appInfo -> k
    java.lang.String prepareOrderBy -> l
    java.lang.String[] prepareSelection -> m
    java.lang.String[] defaultSelectionArgs -> n
    java.lang.String[] uploadColumns -> o
    java.lang.String containsClause -> p
    java.lang.String gcmDeleteWhere -> q
    java.lang.String[] gcmColumns -> r
    99:99:java.lang.String getUploadableMessagesQuery() -> a
    163:178:org.json.JSONObject getDeviceInfo() -> b
    182:191:org.json.JSONObject getAppInfo() -> c
    195:196:void setConnected(boolean) -> a
    200:276:void handleMessage(android.os.Message) -> handleMessage
    289:375:void prepareUploads(boolean) -> b
    385:436:boolean processUploads(boolean) -> c
    492:500:org.json.JSONObject createUploadMessage(org.json.JSONArray,boolean) -> a
    512:552:void addGCMHistory(org.json.JSONObject) -> a
    555:560:void dbInsertUpload(org.json.JSONObject) -> b
    563:565:void dbDeleteProcessedMessages(java.lang.String) -> a
    609:610:void fetchSegments(long,java.lang.String,com.mparticle.segmentation.SegmentListener) -> a
com.mparticle.internal.embedded.EmbeddedKitFactory -> com.mparticle.internal.embedded.a:
com.mparticle.internal.embedded.EmbeddedKitManager -> com.mparticle.internal.embedded.b:
    java.util.concurrent.ConcurrentHashMap providers -> a
    android.content.Context context -> b
    37:72:void updateKits(org.json.JSONArray) -> a
    91:100:void logEvent(com.mparticle.MPEvent) -> a
    103:112:void logTransaction(com.mparticle.MPProduct) -> a
    115:124:void logScreen(java.lang.String,java.util.Map) -> a
    127:136:void setLocation(android.location.Location) -> a
    139:148:void setUserAttributes(org.json.JSONObject) -> a
    151:160:void removeUserAttribute(java.lang.String) -> a
    163:172:void setUserIdentity(java.lang.String,com.mparticle.MParticle$IdentityType) -> a
    175:184:void logout() -> a
    187:196:void removeUserIdentity(java.lang.String) -> b
    199:208:void handleIntent(android.content.Intent) -> a
    211:220:void startSession() -> b
    223:232:void endSession() -> c
    236:247:void onActivityCreated(android.app.Activity,int) -> c
    251:262:void onActivityResumed(android.app.Activity,int) -> d
    266:277:void onActivityPaused(android.app.Activity,int) -> e
    281:292:void onActivityStopped(android.app.Activity,int) -> b
    296:307:void onActivityStarted(android.app.Activity,int) -> a
    310:315:boolean isEmbeddedKitUri(java.lang.String) -> c
    319:333:java.lang.String getActiveModuleIds() -> d
    338:342:android.net.Uri getSurveyUrl(int,org.json.JSONObject) -> a
com.mparticle.internal.embedded.EmbeddedProvider -> com.mparticle.internal.embedded.c:
    android.util.SparseBooleanArray mTypeFilters -> d
    android.util.SparseBooleanArray mNameFilters -> e
    android.util.SparseBooleanArray mAttributeFilters -> a
    android.util.SparseBooleanArray mScreenNameFilters -> f
    android.util.SparseBooleanArray mScreenAttributeFilters -> b
    android.util.SparseBooleanArray mUserIdentityFilters -> g
    android.util.SparseBooleanArray mUserAttributeFilters -> c
    148:148:boolean optedOut() -> a
    153:164:int hash(java.lang.String) -> b
    168:170:boolean shouldLogEvent(com.mparticle.MParticle$EventType,java.lang.String) -> a
    174:178:boolean shouldLogScreen(java.lang.String) -> a
    182:200:java.util.Map filterEventAttributes(com.mparticle.MParticle$EventType,java.lang.String,android.util.SparseBooleanArray,java.util.Map) -> a
    java.lang.String getName() -> b
    boolean isOriginator$552c4dfd() -> c
    211:228:org.json.JSONObject filterAttributes(android.util.SparseBooleanArray,org.json.JSONObject) -> a
    270:270:boolean shouldSetIdentity(com.mparticle.MParticle$IdentityType) -> a
com.mparticle.internal.embedded.ISurveyProvider -> com.mparticle.internal.embedded.d:
    android.net.Uri getSurveyUrl$43346760() -> a
com.mparticle.internal.np.MPAbstractStreamHandler -> com.mparticle.internal.np.MPAbstractStreamHandler:
    java.lang.String[] proxyOverloadSignature -> proxyOverloadSignature
    java.lang.String[] urlOverloadSignature -> urlOverloadSignature
    java.lang.Object kitKatClient -> kitKatClient
    java.lang.reflect.Method kitKatMethod -> kitKatMethod
    java.lang.reflect.Constructor proxyOverload -> proxyOverload
    java.lang.reflect.Constructor urlOverload -> urlOverload
    59:59:java.net.URLConnection openConnection(java.net.URL) -> openConnection
    63:66:java.net.URLConnection openConnection(java.net.URL,java.net.Proxy) -> openConnection
    72:85:java.net.URLConnection openNewConnection(java.net.URL,java.net.Proxy) -> openNewConnection
    int getDefaultPort() -> getDefaultPort
com.mparticle.internal.np.MPHttpUrlConnection -> com.mparticle.internal.np.MPHttpUrlConnection:
    java.net.HttpURLConnection delegateConnection -> delegateConnection
    com.mparticle.internal.np.MeasuredRequest measuredRequest -> measuredRequest
    com.mparticle.internal.np.MPInputStream inputStream -> inputStream
    com.mparticle.internal.np.MPOutputStream outputStream -> outputStream
    31:32:void disconnect() -> disconnect
    36:36:java.io.InputStream getErrorStream() -> getErrorStream
    41:41:java.security.Permission getPermission() -> getPermission
    46:46:java.lang.String getRequestMethod() -> getRequestMethod
    51:52:void setRequestMethod(java.lang.String) -> setRequestMethod
    56:58:int getResponseCode() -> getResponseCode
    63:65:java.lang.String getResponseMessage() -> getResponseMessage
    70:70:boolean usingProxy() -> usingProxy
    75:77:java.lang.String getContentEncoding() -> getContentEncoding
    82:82:boolean getInstanceFollowRedirects() -> getInstanceFollowRedirects
    87:88:void setInstanceFollowRedirects(boolean) -> setInstanceFollowRedirects
    92:92:long getHeaderFieldDate(java.lang.String,long) -> getHeaderFieldDate
    97:98:void setFixedLengthStreamingMode(int) -> setFixedLengthStreamingMode
    102:103:void setChunkedStreamingMode(int) -> setChunkedStreamingMode
    107:109:void connect() -> connect
    113:113:boolean getAllowUserInteraction() -> getAllowUserInteraction
    118:119:void setAllowUserInteraction(boolean) -> setAllowUserInteraction
    123:125:java.lang.Object getContent() -> getContent
    130:132:java.lang.Object getContent(java.lang.Class[]) -> getContent
    137:137:int getContentLength() -> getContentLength
    142:144:java.lang.String getContentType() -> getContentType
    149:149:long getDate() -> getDate
    154:154:boolean getDefaultUseCaches() -> getDefaultUseCaches
    159:160:void setDefaultUseCaches(boolean) -> setDefaultUseCaches
    164:164:boolean getDoInput() -> getDoInput
    169:170:void setDoInput(boolean) -> setDoInput
    174:174:boolean getDoOutput() -> getDoOutput
    179:180:void setDoOutput(boolean) -> setDoOutput
    184:184:long getExpiration() -> getExpiration
    189:191:java.lang.String getHeaderField(int) -> getHeaderField
    196:198:java.util.Map getHeaderFields() -> getHeaderFields
    203:203:java.util.Map getRequestProperties() -> getRequestProperties
    208:209:void addRequestProperty(java.lang.String,java.lang.String) -> addRequestProperty
    213:215:java.lang.String getHeaderField(java.lang.String) -> getHeaderField
    220:222:int getHeaderFieldInt(java.lang.String,int) -> getHeaderFieldInt
    227:229:java.lang.String getHeaderFieldKey(int) -> getHeaderFieldKey
    234:234:long getIfModifiedSince() -> getIfModifiedSince
    239:240:void setIfModifiedSince(long) -> setIfModifiedSince
    244:244:java.lang.String getRequestProperty(java.lang.String) -> getRequestProperty
    249:249:java.net.URL getURL() -> getURL
    254:254:boolean getUseCaches() -> getUseCaches
    259:260:void setUseCaches(boolean) -> setUseCaches
    264:265:void setRequestProperty(java.lang.String,java.lang.String) -> setRequestProperty
    269:269:int getConnectTimeout() -> getConnectTimeout
    274:275:void setConnectTimeout(int) -> setConnectTimeout
    279:279:int getReadTimeout() -> getReadTimeout
    284:285:void setReadTimeout(int) -> setReadTimeout
    289:289:java.lang.String toString() -> toString
    294:294:boolean equals(java.lang.Object) -> equals
    299:299:int hashCode() -> hashCode
    304:304:long getLastModified() -> getLastModified
    309:319:java.io.OutputStream getOutputStream() -> getOutputStream
    325:338:java.io.InputStream getInputStream() -> getInputStream
    343:347:com.mparticle.internal.np.MeasuredRequest getRequest() -> getRequest
com.mparticle.internal.np.MPHttpsUrlConnection -> com.mparticle.internal.np.MPHttpsUrlConnection:
    com.mparticle.internal.np.MeasuredRequest measuredRequest -> measuredRequest
    javax.net.ssl.HttpsURLConnection delegateConnection -> delegateConnection
    com.mparticle.internal.np.MPInputStream inputStream -> inputStream
    com.mparticle.internal.np.MPOutputStream outputStream -> outputStream
    40:40:java.lang.String getCipherSuite() -> getCipherSuite
    45:45:java.security.cert.Certificate[] getLocalCertificates() -> getLocalCertificates
    50:50:java.security.cert.Certificate[] getServerCertificates() -> getServerCertificates
    55:55:java.security.Principal getPeerPrincipal() -> getPeerPrincipal
    60:60:java.security.Principal getLocalPrincipal() -> getLocalPrincipal
    65:66:void setHostnameVerifier(javax.net.ssl.HostnameVerifier) -> setHostnameVerifier
    70:70:javax.net.ssl.HostnameVerifier getHostnameVerifier() -> getHostnameVerifier
    75:76:void setSSLSocketFactory(javax.net.ssl.SSLSocketFactory) -> setSSLSocketFactory
    80:80:javax.net.ssl.SSLSocketFactory getSSLSocketFactory() -> getSSLSocketFactory
    85:86:void disconnect() -> disconnect
    91:93:java.io.InputStream getErrorStream() -> getErrorStream
    98:98:java.security.Permission getPermission() -> getPermission
    103:103:java.lang.String getRequestMethod() -> getRequestMethod
    109:111:int getResponseCode() -> getResponseCode
    117:119:java.lang.String getResponseMessage() -> getResponseMessage
    124:125:void setRequestMethod(java.lang.String) -> setRequestMethod
    129:129:boolean usingProxy() -> usingProxy
    135:137:java.lang.String getContentEncoding() -> getContentEncoding
    142:142:boolean getInstanceFollowRedirects() -> getInstanceFollowRedirects
    147:148:void setInstanceFollowRedirects(boolean) -> setInstanceFollowRedirects
    152:152:long getHeaderFieldDate(java.lang.String,long) -> getHeaderFieldDate
    158:159:void setFixedLengthStreamingMode(long) -> setFixedLengthStreamingMode
    163:164:void setFixedLengthStreamingMode(int) -> setFixedLengthStreamingMode
    168:169:void setChunkedStreamingMode(int) -> setChunkedStreamingMode
    174:176:void connect() -> connect
    180:180:boolean getAllowUserInteraction() -> getAllowUserInteraction
    185:187:java.lang.Object getContent() -> getContent
    192:194:java.lang.Object getContent(java.lang.Class[]) -> getContent
    199:199:int getContentLength() -> getContentLength
    204:206:java.lang.String getContentType() -> getContentType
    211:211:long getDate() -> getDate
    216:216:boolean getDefaultUseCaches() -> getDefaultUseCaches
    221:221:boolean getDoInput() -> getDoInput
    226:226:boolean getDoOutput() -> getDoOutput
    231:231:long getExpiration() -> getExpiration
    237:239:java.lang.String getHeaderField(int) -> getHeaderField
    245:247:java.util.Map getHeaderFields() -> getHeaderFields
    252:252:java.util.Map getRequestProperties() -> getRequestProperties
    257:258:void addRequestProperty(java.lang.String,java.lang.String) -> addRequestProperty
    263:265:java.lang.String getHeaderField(java.lang.String) -> getHeaderField
    270:272:int getHeaderFieldInt(java.lang.String,int) -> getHeaderFieldInt
    277:279:java.lang.String getHeaderFieldKey(int) -> getHeaderFieldKey
    284:284:long getIfModifiedSince() -> getIfModifiedSince
    289:289:java.lang.String getRequestProperty(java.lang.String) -> getRequestProperty
    294:294:java.net.URL getURL() -> getURL
    299:299:boolean getUseCaches() -> getUseCaches
    304:305:void setAllowUserInteraction(boolean) -> setAllowUserInteraction
    309:310:void setDefaultUseCaches(boolean) -> setDefaultUseCaches
    314:315:void setDoInput(boolean) -> setDoInput
    319:320:void setDoOutput(boolean) -> setDoOutput
    324:325:void setIfModifiedSince(long) -> setIfModifiedSince
    329:330:void setRequestProperty(java.lang.String,java.lang.String) -> setRequestProperty
    334:335:void setUseCaches(boolean) -> setUseCaches
    339:340:void setConnectTimeout(int) -> setConnectTimeout
    344:344:int getConnectTimeout() -> getConnectTimeout
    349:350:void setReadTimeout(int) -> setReadTimeout
    354:354:int getReadTimeout() -> getReadTimeout
    359:359:java.lang.String toString() -> toString
    364:364:boolean equals(java.lang.Object) -> equals
    369:369:int hashCode() -> hashCode
    373:373:long getLastModified() -> getLastModified
    377:387:java.io.OutputStream getOutputStream() -> getOutputStream
    391:397:com.mparticle.internal.np.MeasuredRequest getRequest() -> getRequest
    402:412:java.io.InputStream getInputStream() -> getInputStream
com.mparticle.internal.np.MPInputStream -> com.mparticle.internal.np.MPInputStream:
    com.mparticle.internal.np.MeasuredRequest measuredRequest -> measuredRequest
    java.io.InputStream localInputStream -> localInputStream
    boolean read -> read
    boolean secure -> secure
    27:27:int available() -> available
    31:32:void close() -> close
    35:36:void mark(int) -> mark
    39:39:boolean markSupported() -> markSupported
    43:43:int read() -> read
    47:47:int read(byte[]) -> read
    51:60:int read(byte[],int,int) -> read
    64:65:void reset() -> reset
    68:68:long skip(long) -> skip
    72:72:boolean isSameStream(java.io.InputStream) -> isSameStream
    76:76:boolean getRead() -> getRead
    80:81:void resetRead() -> resetRead
    84:88:void setMeasuredRequest(com.mparticle.internal.np.MeasuredRequest) -> setMeasuredRequest
    91:92:void setSecure(boolean) -> setSecure
com.mparticle.internal.np.MPOutputStream -> com.mparticle.internal.np.MPOutputStream:
    com.mparticle.internal.np.MPInputStream inputStream -> inputStream
    java.io.OutputStream localOutputStream -> localOutputStream
    com.mparticle.internal.np.MeasuredRequest measuredRequest -> measuredRequest
    boolean writing -> writing
    boolean secure -> secure
    27:28:void flush() -> flush
    32:33:void close() -> close
    37:50:void write(int) -> write
    54:55:void write(byte[]) -> write
    59:79:void write(byte[],int,int) -> write
    82:82:boolean isSameStream(java.io.OutputStream) -> isSameStream
    86:87:void setSecure(boolean) -> setSecure
com.mparticle.internal.np.MPSSLSocket -> com.mparticle.internal.np.MPSSLSocket:
    javax.net.ssl.SSLSocket localSocket -> localSocket
    java.io.OutputStream outputStream -> outputStream
    com.mparticle.internal.np.MPInputStream inputStream -> inputStream
    30:31:void addHandshakeCompletedListener(javax.net.ssl.HandshakeCompletedListener) -> addHandshakeCompletedListener
    35:35:boolean getEnableSessionCreation() -> getEnableSessionCreation
    40:41:void setEnableSessionCreation(boolean) -> setEnableSessionCreation
    45:45:java.lang.String[] getEnabledCipherSuites() -> getEnabledCipherSuites
    50:51:void setEnabledCipherSuites(java.lang.String[]) -> setEnabledCipherSuites
    55:55:java.lang.String[] getEnabledProtocols() -> getEnabledProtocols
    60:61:void setEnabledProtocols(java.lang.String[]) -> setEnabledProtocols
    65:65:boolean getNeedClientAuth() -> getNeedClientAuth
    70:71:void setNeedClientAuth(boolean) -> setNeedClientAuth
    75:75:javax.net.ssl.SSLSession getSession() -> getSession
    80:80:java.lang.String[] getSupportedCipherSuites() -> getSupportedCipherSuites
    85:85:java.lang.String[] getSupportedProtocols() -> getSupportedProtocols
    90:90:boolean getUseClientMode() -> getUseClientMode
    95:96:void setUseClientMode(boolean) -> setUseClientMode
    100:100:boolean getWantClientAuth() -> getWantClientAuth
    105:106:void setWantClientAuth(boolean) -> setWantClientAuth
    110:111:void removeHandshakeCompletedListener(javax.net.ssl.HandshakeCompletedListener) -> removeHandshakeCompletedListener
    115:116:void startHandshake() -> startHandshake
    120:121:void bind(java.net.SocketAddress) -> bind
    125:126:void close() -> close
    130:131:void connect(java.net.SocketAddress,int) -> connect
    135:136:void connect(java.net.SocketAddress) -> connect
    140:140:java.nio.channels.SocketChannel getChannel() -> getChannel
    145:145:java.net.InetAddress getInetAddress() -> getInetAddress
    150:159:java.io.InputStream getInputStream() -> getInputStream
    164:164:boolean getKeepAlive() -> getKeepAlive
    169:170:void setKeepAlive(boolean) -> setKeepAlive
    174:174:java.net.InetAddress getLocalAddress() -> getLocalAddress
    179:179:int getLocalPort() -> getLocalPort
    184:184:java.net.SocketAddress getLocalSocketAddress() -> getLocalSocketAddress
    189:189:boolean getOOBInline() -> getOOBInline
    194:195:void setOOBInline(boolean) -> setOOBInline
    199:208:java.io.OutputStream getOutputStream() -> getOutputStream
    213:213:int getPort() -> getPort
    218:218:int getReceiveBufferSize() -> getReceiveBufferSize
    223:224:void setReceiveBufferSize(int) -> setReceiveBufferSize
    228:228:java.net.SocketAddress getRemoteSocketAddress() -> getRemoteSocketAddress
    233:233:boolean getReuseAddress() -> getReuseAddress
    238:239:void setReuseAddress(boolean) -> setReuseAddress
    243:243:int getSendBufferSize() -> getSendBufferSize
    248:249:void setSendBufferSize(int) -> setSendBufferSize
    253:253:int getSoLinger() -> getSoLinger
    258:258:int getSoTimeout() -> getSoTimeout
    263:264:void setSoTimeout(int) -> setSoTimeout
    268:268:boolean getTcpNoDelay() -> getTcpNoDelay
    273:274:void setTcpNoDelay(boolean) -> setTcpNoDelay
    278:278:int getTrafficClass() -> getTrafficClass
    283:284:void setTrafficClass(int) -> setTrafficClass
    288:288:boolean isBound() -> isBound
    293:293:boolean isClosed() -> isClosed
    298:298:boolean isConnected() -> isConnected
    303:303:boolean isInputShutdown() -> isInputShutdown
    308:308:boolean isOutputShutdown() -> isOutputShutdown
    313:314:void sendUrgentData(int) -> sendUrgentData
    318:319:void setPerformancePreferences(int,int,int) -> setPerformancePreferences
    323:324:void setSoLinger(boolean,int) -> setSoLinger
    328:329:void shutdownInput() -> shutdownInput
    333:334:void shutdownOutput() -> shutdownOutput
    338:338:java.lang.String toString() -> toString
    343:343:boolean equals(java.lang.Object) -> equals
    348:348:int hashCode() -> hashCode
com.mparticle.internal.np.MPSSLSocketFactory -> com.mparticle.internal.np.MPSSLSocketFactory:
    javax.net.ssl.SSLSocketFactory delegateFactory -> delegateFactory
    20:20:java.lang.String[] getDefaultCipherSuites() -> getDefaultCipherSuites
    24:24:java.lang.String[] getSupportedCipherSuites() -> getSupportedCipherSuites
    28:31:java.net.Socket createSocket(java.lang.String,java.net.Socket) -> createSocket
    36:36:java.net.Socket createSocket(java.net.Socket,java.lang.String,int,boolean) -> createSocket
    41:41:java.net.Socket createSocket(java.lang.String,int) -> createSocket
    46:46:java.net.Socket createSocket(java.lang.String,int,java.net.InetAddress,int) -> createSocket
    51:51:java.net.Socket createSocket(java.net.InetAddress,int) -> createSocket
    56:56:java.net.Socket createSocket(java.net.InetAddress,int,java.net.InetAddress,int) -> createSocket
    61:61:java.net.Socket createSocket() -> createSocket
com.mparticle.internal.np.MPSSLStreamHandler -> com.mparticle.internal.np.MPSSLStreamHandler:
    java.lang.String[] classes -> classes
    24:28:java.net.URLConnection openConnection(java.net.URL) -> openConnection
    34:38:java.net.URLConnection openConnection(java.net.URL,java.net.Proxy) -> openConnection
    44:44:int getDefaultPort() -> getDefaultPort
com.mparticle.internal.np.MPSocketImpl -> com.mparticle.internal.np.MPSocketImpl:
    java.lang.reflect.Field addressField -> addressField
    java.lang.reflect.Field fileDescriptorField -> fileDescriptorField
    java.lang.reflect.Field localPortField -> localPortField
    java.lang.reflect.Field portField -> portField
    java.lang.reflect.Method[] methods -> methods
    java.net.SocketImpl delegateSocket -> delegateSocket
    com.mparticle.internal.np.MPInputStream delegateInputStream -> delegateInputStream
    com.mparticle.internal.np.MPOutputStream delegateOutputStream -> delegateOutputStream
    69:74:void setAccessible(java.lang.reflect.AccessibleObject[]) -> setAccessible
    78:100:java.lang.Object invokeMethod(int,java.lang.Object[]) -> invokeMethod
    105:112:void updateFields() -> updateFields
    116:117:void accept(java.net.SocketImpl) -> accept
    121:122:int available() -> available
    127:128:void bind(java.net.InetAddress,int) -> bind
    132:133:void close() -> close
    137:138:void connect(java.lang.String,int) -> connect
    142:143:void connect(java.net.InetAddress,int) -> connect
    147:148:void create(boolean) -> create
    152:160:java.io.InputStream getInputStream() -> getInputStream
    165:173:java.io.OutputStream getOutputStream() -> getOutputStream
    178:179:void listen(int) -> listen
    183:184:void connect(java.net.SocketAddress,int) -> connect
    188:189:void sendUrgentData(int) -> sendUrgentData
    193:193:java.lang.Object getOption(int) -> getOption
    198:199:void setOption(int,java.lang.Object) -> setOption
com.mparticle.internal.np.MPSocketImplFactory -> com.mparticle.internal.np.MPSocketImplFactory:
    java.lang.Class socketClass -> socketClass
    21:30:java.net.SocketImpl createSocketImpl() -> createSocketImpl
com.mparticle.internal.np.MPStreamHandler -> com.mparticle.internal.np.MPStreamHandler:
    java.lang.String[] classes -> classes
    23:27:java.net.URLConnection openConnection(java.net.URL) -> openConnection
    32:36:java.net.URLConnection openConnection(java.net.URL,java.net.Proxy) -> openConnection
    42:42:int getDefaultPort() -> getDefaultPort
com.mparticle.internal.np.MPUrlStreamHandlerFactory -> com.mparticle.internal.np.MPUrlStreamHandlerFactory:
    10:15:java.net.URLStreamHandler createURLStreamHandler(java.lang.String) -> createURLStreamHandler
com.mparticle.internal.np.MeasuredRequest -> com.mparticle.internal.np.MeasuredRequest:
    long TIMEOUT -> TIMEOUT
    boolean endOfStream -> endOfStream
    long headerStartTime -> headerStartTime
    long streamSystemNanoEndTime -> streamSystemNanoEndTime
    long streamSystemNanoStartTime -> streamSystemNanoStartTime
    long streamSystemMilliStartTime -> streamSystemMilliStartTime
    long headerEndTime -> headerEndTime
    long responseContentLength -> responseContentLength
    long requestContentLength -> requestContentLength
    long streamBytesWritten -> streamBytesWritten
    long streamBytesRead -> streamBytesRead
    int responseCode -> responseCode
    java.lang.String requestMethod -> requestMethod
    java.lang.String host -> host
    java.net.URL url -> url
    org.apache.http.util.ByteArrayBuffer outputByteBuffer -> outputByteBuffer
    org.apache.http.util.ByteArrayBuffer inputByteBuffer -> inputByteBuffer
    boolean chunked -> chunked
    boolean parseHeaders -> parseHeaders
    boolean added -> added
    boolean secure -> secure
    52:52:boolean foundHeaderTiming() -> foundHeaderTiming
    56:60:void startTiming() -> startTiming
    64:75:java.lang.String getUri() -> getUri
    80:84:long getTotalTime() -> getTotalTime
    88:109:void parseUrlResponse(java.net.HttpURLConnection) -> parseUrlResponse
    112:123:long computeHeaderSize(java.util.Map) -> computeHeaderSize
    127:132:void log() -> log
    138:149:int findEndOfHeaders(byte[]) -> findEndOfHeaders
    153:208:void parseInputStreamBytes(byte[],int,int) -> parseInputStreamBytes
    211:214:boolean readyForLogging() -> readyForLogging
    221:237:void reset() -> reset
    240:291:void parseOutputStreamBytes(byte[],int,int) -> parseOutputStreamBytes
    294:294:boolean isRequestParsed() -> isRequestParsed
    298:298:long getStartTime() -> getStartTime
    303:310:java.lang.String toString() -> toString
    314:315:void setParseHeaders(boolean) -> setParseHeaders
    318:319:void setSecure(boolean) -> setSecure
    322:322:java.lang.String getMethod() -> getMethod
    326:326:long getBytesSent() -> getBytesSent
    330:330:long getBytesReceived() -> getBytesReceived
    334:335:void setUri(java.net.URL) -> setUri
    338:346:java.lang.String getRequestString() -> getRequestString
com.mparticle.internal.np.MeasuredRequestManager -> com.mparticle.internal.np.MeasuredRequestManager:
    java.util.concurrent.ScheduledExecutorService scheduler -> scheduler
    java.util.HashSet requests -> requests
    java.util.concurrent.CopyOnWriteArrayList excludedUrlFilters -> excludedUrlFilters
    java.util.concurrent.CopyOnWriteArrayList queryStringFilters -> queryStringFilters
    java.lang.String MPARTICLEHOST -> MPARTICLEHOST
    java.util.concurrent.ScheduledFuture runner -> runner
    boolean enabled -> enabled
    java.lang.Runnable processPending -> processPending
    27:29:void addRequest(com.mparticle.internal.np.MeasuredRequest) -> addRequest
    91:92:void addExcludedUrl(java.lang.String) -> addExcludedUrl
    95:96:void addQueryStringFilter(java.lang.String) -> addQueryStringFilter
    99:101:void resetFilters() -> resetFilters
    103:114:boolean isUriAllowed(java.lang.String) -> isUriAllowed
    118:126:void setEnabled(boolean) -> setEnabled
    129:129:boolean getEnabled() -> getEnabled
com.mparticle.internal.np.MeasuredRequestManager$1 -> com.mparticle.internal.np.MeasuredRequestManager$1:
    com.mparticle.internal.np.MeasuredRequestManager this$0 -> this$0
    39:85:void run() -> run
com.mparticle.licensing.AESObfuscator -> com.mparticle.licensing.AESObfuscator:
    byte[] IV -> a
    javax.crypto.Cipher mEncryptor -> b
    javax.crypto.Cipher mDecryptor -> c
    71:80:java.lang.String obfuscate(java.lang.String,java.lang.String) -> obfuscate
    85:105:java.lang.String unobfuscate(java.lang.String,java.lang.String) -> unobfuscate
com.mparticle.licensing.APKExpansionPolicy -> com.mparticle.licensing.APKExpansionPolicy:
    long mValidityTimestamp -> a
    long mRetryUntil -> b
    long mMaxRetries -> c
    long mRetryCount -> d
    long mLastResponseTime -> e
    int mLastResponse -> f
    com.mparticle.licensing.PreferenceObfuscator mPreferences -> g
    java.util.Vector mExpansionURLs -> h
    java.util.Vector mExpansionFileNames -> i
    java.util.Vector mExpansionFileSizes -> j
    int MAIN_FILE_URL_INDEX -> MAIN_FILE_URL_INDEX
    int PATCH_FILE_URL_INDEX -> PATCH_FILE_URL_INDEX
    107:113:void resetPolicy() -> resetPolicy
    133:172:void processServerResponse(int,com.mparticle.licensing.ResponseData) -> processServerResponse
    194:196:void setRetryCount(long) -> a
    199:199:long getRetryCount() -> getRetryCount
    212:222:void setValidityTimestamp(java.lang.String) -> a
    225:225:long getValidityTimestamp() -> getValidityTimestamp
    238:248:void setRetryUntil(java.lang.String) -> b
    251:251:long getRetryUntil() -> getRetryUntil
    264:274:void setMaxRetries(java.lang.String) -> c
    277:277:long getMaxRetries() -> getMaxRetries
    288:288:int getExpansionURLCount() -> getExpansionURLCount
    301:304:java.lang.String getExpansionURL(int) -> getExpansionURL
    317:321:void setExpansionURL(int,java.lang.String) -> setExpansionURL
    324:327:java.lang.String getExpansionFileName(int) -> getExpansionFileName
    331:335:void setExpansionFileName(int,java.lang.String) -> setExpansionFileName
    338:341:long getExpansionFileSize(int) -> getExpansionFileSize
    345:349:void setExpansionFileSize(int,long) -> setExpansionFileSize
    360:375:boolean allowAccess() -> allowAccess
    379:394:java.util.Map decodeExtras(java.lang.String) -> d
com.mparticle.licensing.Base64DecoderException -> com.mparticle.licensing.a:
    long serialVersionUID -> serialVersionUID
com.mparticle.licensing.DeviceLimiter -> com.mparticle.licensing.b:
com.mparticle.licensing.GBase64 -> com.mparticle.licensing.GBase64:
    boolean ENCODE -> ENCODE
    boolean DECODE -> DECODE
    byte[] ALPHABET -> a
    byte[] WEBSAFE_ALPHABET -> b
    byte[] DECODABET -> c
    byte[] WEBSAFE_DECODABET -> d
    boolean $assertionsDisabled -> e
    248:248:java.lang.String encode(byte[]) -> encode
    259:259:java.lang.String encodeWebSafe(byte[],boolean) -> encodeWebSafe
    275:287:java.lang.String encode(byte[],int,int,byte[],boolean) -> encode
    302:346:byte[] encode(byte[],int,int,byte[],int) -> encode
    379:407:int decode4to3(byte[],int,byte[],int,byte[]) -> a
    420:421:byte[] decode(java.lang.String) -> decode
    432:433:byte[] decodeWebSafe(java.lang.String) -> decodeWebSafe
    446:446:byte[] decode(byte[]) -> decode
    459:459:byte[] decodeWebSafe(byte[]) -> decodeWebSafe
    475:475:byte[] decode(byte[],int,int) -> decode
    490:490:byte[] decodeWebSafe(byte[],int,int) -> decodeWebSafe
    505:569:byte[] decode(byte[],int,int,byte[]) -> decode
com.mparticle.licensing.ILicenseResultListener -> com.mparticle.licensing.ILicenseResultListener:
    void verifyLicense(int,java.lang.String,java.lang.String) -> a
com.mparticle.licensing.ILicenseResultListener$Stub -> com.mparticle.licensing.ILicenseResultListener$Stub:
    25:32:com.mparticle.licensing.ILicenseResultListener asInterface(android.os.IBinder) -> asInterface
    36:36:android.os.IBinder asBinder() -> asBinder
    40:60:boolean onTransact(int,android.os.Parcel,android.os.Parcel,int) -> onTransact
com.mparticle.licensing.ILicenseResultListener$Stub$Proxy -> com.mparticle.licensing.ILicenseResultListener$Stub$a:
    android.os.IBinder mRemote -> a
    71:71:android.os.IBinder asBinder() -> asBinder
    79:89:void verifyLicense(int,java.lang.String,java.lang.String) -> a
com.mparticle.licensing.ILicensingService -> com.mparticle.licensing.ILicensingService:
    void checkLicense(long,java.lang.String,com.mparticle.licensing.ILicenseResultListener) -> a
com.mparticle.licensing.ILicensingService$Stub -> com.mparticle.licensing.ILicensingService$Stub:
    25:32:com.mparticle.licensing.ILicensingService asInterface(android.os.IBinder) -> asInterface
    36:36:android.os.IBinder asBinder() -> asBinder
    40:60:boolean onTransact(int,android.os.Parcel,android.os.Parcel,int) -> onTransact
com.mparticle.licensing.ILicensingService$Stub$Proxy -> com.mparticle.licensing.ILicensingService$Stub$a:
    android.os.IBinder mRemote -> a
    71:71:android.os.IBinder asBinder() -> asBinder
    79:89:void checkLicense(long,java.lang.String,com.mparticle.licensing.ILicenseResultListener) -> a
com.mparticle.licensing.LicenseChecker -> com.mparticle.licensing.LicenseChecker:
    java.security.SecureRandom RANDOM -> a
    com.mparticle.licensing.ILicensingService mService -> b
    java.security.PublicKey mPublicKey -> c
    android.content.Context mContext -> d
    com.mparticle.licensing.Policy mPolicy -> e
    android.os.Handler mHandler -> f
    java.lang.String mPackageName -> g
    java.lang.String mVersionCode -> h
    java.util.Set mChecksInProgress -> i
    java.util.Queue mPendingChecks -> j
    107:119:java.security.PublicKey generatePublicKey(java.lang.String) -> a
    137:171:void checkAccess(com.mparticle.licensing.LicenseCheckerCallback) -> checkAccess
    175:187:void runChecks() -> a
    190:194:void finishCheck(com.mparticle.licensing.LicenseValidator) -> a
    275:277:void onServiceConnected(android.content.ComponentName,android.os.IBinder) -> onServiceConnected
    283:285:void onServiceDisconnected(android.content.ComponentName) -> onServiceDisconnected
    292:299:void handleServiceConnectionError(com.mparticle.licensing.LicenseValidator) -> b
    303:313:void cleanupService() -> b
    324:326:void onDestroy() -> onDestroy
    342:346:java.lang.String getVersionCode(android.content.Context,java.lang.String) -> a
    55:55:void access$100(com.mparticle.licensing.LicenseChecker,com.mparticle.licensing.LicenseValidator) -> a
    55:55:void access$200(com.mparticle.licensing.LicenseChecker,com.mparticle.licensing.LicenseValidator) -> b
    55:55:java.util.Set access$300(com.mparticle.licensing.LicenseChecker) -> a
    55:55:java.security.PublicKey access$500(com.mparticle.licensing.LicenseChecker) -> b
    55:55:android.os.Handler access$600(com.mparticle.licensing.LicenseChecker) -> c
com.mparticle.licensing.LicenseChecker$ResultListener -> com.mparticle.licensing.LicenseChecker$a:
    com.mparticle.licensing.LicenseValidator mValidator -> b
    java.lang.Runnable mOnTimeout -> c
    com.mparticle.licensing.LicenseChecker this$0 -> a
    220:261:void verifyLicense(int,java.lang.String,java.lang.String) -> a
    196:196:com.mparticle.licensing.LicenseValidator access$000(com.mparticle.licensing.LicenseChecker$ResultListener) -> a
    196:196:void access$400(com.mparticle.licensing.LicenseChecker$ResultListener) -> b
com.mparticle.licensing.LicenseChecker$ResultListener$1 -> com.mparticle.licensing.LicenseChecker$a$1:
    com.mparticle.licensing.LicenseChecker$ResultListener this$1 -> a
    204:207:void run() -> run
com.mparticle.licensing.LicenseChecker$ResultListener$2 -> com.mparticle.licensing.LicenseChecker$a$2:
    int val$responseCode -> a
    java.lang.String val$signedData -> b
    java.lang.String val$signature -> c
    com.mparticle.licensing.LicenseChecker$ResultListener this$1 -> d
    222:259:void run() -> run
com.mparticle.licensing.LicenseCheckerCallback -> com.mparticle.licensing.LicenseCheckerCallback:
    int ERROR_INVALID_PACKAGE_NAME -> ERROR_INVALID_PACKAGE_NAME
    int ERROR_NON_MATCHING_UID -> ERROR_NON_MATCHING_UID
    int ERROR_NOT_MARKET_MANAGED -> ERROR_NOT_MARKET_MANAGED
    int ERROR_CHECK_IN_PROGRESS -> ERROR_CHECK_IN_PROGRESS
    int ERROR_INVALID_PUBLIC_KEY -> ERROR_INVALID_PUBLIC_KEY
    int ERROR_MISSING_PERMISSION -> ERROR_MISSING_PERMISSION
    void allow(int) -> allow
    void dontAllow(int) -> dontAllow
    void applicationError(int) -> applicationError
com.mparticle.licensing.LicenseValidator -> com.mparticle.licensing.c:
    com.mparticle.licensing.Policy mPolicy -> a
    com.mparticle.licensing.LicenseCheckerCallback mCallback -> b
    int mNonce -> c
    java.lang.String mPackageName -> d
    java.lang.String mVersionCode -> e
    com.mparticle.licensing.DeviceLimiter mDeviceLimiter -> f
    66:66:com.mparticle.licensing.LicenseCheckerCallback getCallback() -> a
    70:70:int getNonce() -> b
    74:74:java.lang.String getPackageName() -> c
    88:194:void verify(java.security.PublicKey,int,java.lang.String,java.lang.String) -> a
    204:213:void handleResponse(int,com.mparticle.licensing.ResponseData) -> a
    216:217:void handleApplicationError(int) -> a
    220:221:void handleInvalidResponse() -> d
com.mparticle.licensing.Obfuscator -> com.mparticle.licensing.d:
    java.lang.String obfuscate(java.lang.String,java.lang.String) -> obfuscate
    java.lang.String unobfuscate(java.lang.String,java.lang.String) -> unobfuscate
com.mparticle.licensing.Policy -> com.mparticle.licensing.Policy:
    int LICENSED -> LICENSED
    int NOT_LICENSED -> NOT_LICENSED
    int RETRY -> RETRY
    void processServerResponse(int,com.mparticle.licensing.ResponseData) -> processServerResponse
    boolean allowAccess() -> allowAccess
com.mparticle.licensing.PreferenceObfuscator -> com.mparticle.licensing.e:
    android.content.SharedPreferences mPreferences -> a
    com.mparticle.licensing.Obfuscator mObfuscator -> b
    android.content.SharedPreferences$Editor mEditor -> c
    47:52:void putString(java.lang.String,java.lang.String) -> a
    56:69:java.lang.String getString(java.lang.String,java.lang.String) -> b
    73:77:void commit() -> a
com.mparticle.licensing.ResponseData -> com.mparticle.licensing.f:
    int responseCode -> a
    int nonce -> b
    java.lang.String packageName -> c
    java.lang.String versionCode -> d
    java.lang.String userId -> e
    long timestamp -> f
    java.lang.String extra -> g
    76:76:java.lang.String toString() -> toString
com.mparticle.licensing.ServerManagedPolicy -> com.mparticle.licensing.ServerManagedPolicy:
    long mValidityTimestamp -> a
    long mRetryUntil -> b
    long mMaxRetries -> c
    long mRetryCount -> d
    long mLastResponseTime -> e
    int mLastResponse -> f
    com.mparticle.licensing.PreferenceObfuscator mPreferences -> g
    105:127:void processServerResponse(int,com.mparticle.licensing.ResponseData) -> processServerResponse
    149:151:void setRetryCount(long) -> a
    154:154:long getRetryCount() -> getRetryCount
    167:177:void setValidityTimestamp(java.lang.String) -> a
    180:180:long getValidityTimestamp() -> getValidityTimestamp
    193:203:void setRetryUntil(java.lang.String) -> b
    206:206:long getRetryUntil() -> getRetryUntil
    219:229:void setMaxRetries(java.lang.String) -> c
    232:232:long getMaxRetries() -> getMaxRetries
    246:259:boolean allowAccess() -> allowAccess
    263:273:java.util.Map decodeExtras(java.lang.String) -> d
com.mparticle.licensing.ValidationException -> com.mparticle.licensing.ValidationException:
    long serialVersionUID -> serialVersionUID
com.mparticle.media.MPMediaAPI -> com.mparticle.media.MPMediaAPI:
    com.mparticle.media.MediaCallbacks mCallbacks -> a
    java.util.concurrent.atomic.AtomicBoolean mAudioPlaying -> b
    42:48:void setAudioPlaying(boolean) -> setAudioPlaying
    51:51:boolean getAudioPlaying() -> getAudioPlaying
com.mparticle.media.MediaCallbacks -> com.mparticle.media.MediaCallbacks:
    void onAudioPlaying() -> onAudioPlaying
    void onAudioStopped() -> onAudioStopped
com.mparticle.messaging.AbstractCloudMessage -> com.mparticle.messaging.AbstractCloudMessage:
    int FLAG_RECEIVED -> FLAG_RECEIVED
    int FLAG_DIRECT_OPEN -> FLAG_DIRECT_OPEN
    int FLAG_READ -> FLAG_READ
    int FLAG_INFLUENCE_OPEN -> FLAG_INFLUENCE_OPEN
    int FLAG_DISPLAYED -> FLAG_DISPLAYED
    long mActualDeliveryTime -> a
    android.os.Bundle mExtras -> mExtras
    com.mparticle.messaging.CloudAction getDefaultAction() -> getDefaultAction
    50:51:android.app.Notification buildNotification(android.content.Context,long) -> buildNotification
    android.app.Notification buildNotification(android.content.Context) -> buildNotification
    57:60:android.content.Intent getDefaultOpenIntent(android.content.Context,com.mparticle.messaging.AbstractCloudMessage) -> getDefaultOpenIntent
    64:64:android.os.Bundle getExtras() -> getExtras
    68:71:com.mparticle.messaging.AbstractCloudMessage createMessage(android.content.Intent,org.json.JSONArray) -> createMessage
    77:77:int describeContents() -> describeContents
    82:84:void writeToParcel(android.os.Parcel,int) -> writeToParcel
    int getId() -> getId
    java.lang.String getPrimaryMessage(android.content.Context) -> getPrimaryMessage
    org.json.JSONObject getRedactedJsonPayload() -> getRedactedJsonPayload
    93:98:android.app.PendingIntent getLoopbackIntent(android.content.Context,com.mparticle.messaging.AbstractCloudMessage,com.mparticle.messaging.CloudAction) -> getLoopbackIntent
    102:102:boolean shouldDisplay() -> shouldDisplay
    106:106:long getActualDeliveryTime() -> getActualDeliveryTime
    110:111:void setActualDeliveryTime(long) -> setActualDeliveryTime
    123:139:java.lang.String getFallbackTitle(android.content.Context) -> getFallbackTitle
    143:160:int getFallbackIcon(android.content.Context) -> getFallbackIcon
com.mparticle.messaging.AbstractCloudMessage$InvalidGcmMessageException -> com.mparticle.messaging.AbstractCloudMessage$InvalidGcmMessageException:
com.mparticle.messaging.CloudAction -> com.mparticle.messaging.CloudAction:
    java.lang.String mActionId -> a
    java.lang.String mActionIcon -> b
    java.lang.String mActionTitle -> c
    java.lang.String mActionActivity -> d
    java.lang.String mActionIdentifier -> e
    android.os.Parcelable$Creator CREATOR -> CREATOR
    56:56:int describeContents() -> describeContents
    61:66:void writeToParcel(android.os.Parcel,int) -> writeToParcel
    69:90:android.app.PendingIntent getIntent(android.content.Context,com.mparticle.messaging.AbstractCloudMessage,com.mparticle.messaging.CloudAction) -> getIntent
    107:107:java.lang.String getIconId() -> getIconId
    111:117:int getIconId(android.content.Context) -> getIconId
    121:121:java.lang.String getTitle() -> getTitle
    125:125:java.lang.String getActionIdentifier() -> getActionIdentifier
    130:134:int getActionIdInt() -> getActionIdInt
com.mparticle.messaging.CloudAction$1 -> com.mparticle.messaging.CloudAction$1:
    93:93:java.lang.Object[] newArray(int) -> newArray
    93:93:java.lang.Object createFromParcel(android.os.Parcel) -> createFromParcel
com.mparticle.messaging.CloudDialog -> com.mparticle.messaging.CloudDialog:
    java.lang.String TAG -> TAG
    android.content.DialogInterface$OnClickListener mListener -> a
    36:40:com.mparticle.messaging.CloudDialog newInstance(com.mparticle.messaging.MPCloudNotificationMessage) -> newInstance
    49:100:android.app.Dialog onCreateDialog(android.os.Bundle) -> onCreateDialog
    109:110:void setOnClickListener(android.content.DialogInterface$OnClickListener) -> setOnClickListener
    114:119:void onClick(android.content.DialogInterface,int) -> onClick
com.mparticle.messaging.MPCloudBackgroundMessage -> com.mparticle.messaging.MPCloudBackgroundMessage:
    16:31:boolean processSilentPush(android.content.Context,android.os.Bundle) -> processSilentPush
com.mparticle.messaging.MPCloudNotificationMessage -> com.mparticle.messaging.MPCloudNotificationMessage:
    java.lang.String COMMAND -> COMMAND
    int COMMAND_DONOTHING -> COMMAND_DONOTHING
    int COMMAND_ALERT_NOW -> COMMAND_ALERT_NOW
    int COMMAND_ALERT_LOCALTIME -> COMMAND_ALERT_LOCALTIME
    int COMMAND_ALERT_BACKGROUND -> COMMAND_ALERT_BACKGROUND
    int COMMAND_ALERT_CONFIG_REFRESH -> COMMAND_ALERT_CONFIG_REFRESH
    com.mparticle.messaging.CloudAction[] mActions -> a
    android.os.Parcelable$Creator CREATOR -> CREATOR
    139:139:com.mparticle.messaging.CloudAction getDefaultAction() -> getDefaultAction
    157:159:void writeToParcel(android.os.Parcel,int) -> writeToParcel
    163:163:int getId() -> getId
    168:177:org.json.JSONObject getRedactedJsonPayload() -> getRedactedJsonPayload
    182:182:boolean shouldDisplay() -> shouldDisplay
    186:193:int getSmallIconResourceId(android.content.Context) -> getSmallIconResourceId
    197:201:java.lang.String getContentTitle(android.content.Context) -> getContentTitle
    206:210:java.lang.String getPrimaryMessage(android.content.Context) -> getPrimaryMessage
    215:215:boolean getShowInApp() -> getShowInApp
    219:219:java.lang.String getInAppTheme() -> getInAppTheme
    223:223:java.lang.String getSubText() -> getSubText
    227:264:android.graphics.Bitmap getLargeIcon(android.content.Context) -> getLargeIcon
    269:271:int getLightColorArgb() -> getLightColorArgb
    277:279:int getLightOffMillis() -> getLightOffMillis
    285:287:int getLightOnMillis() -> getLightOnMillis
    293:295:int getNumber() -> getNumber
    300:303:boolean getAlertOnlyOnce() -> getAlertOnlyOnce
    307:314:java.lang.Integer getPriority() -> getPriority
    319:323:android.net.Uri getSound(android.content.Context) -> getSound
    328:339:android.graphics.Bitmap getBigPicture(android.content.Context) -> getBigPicture
    343:343:java.lang.String getExpandedTitle() -> getExpandedTitle
    347:347:java.lang.String getBigText() -> getBigText
    351:372:java.util.ArrayList getInboxLines() -> getInboxLines
    376:391:long[] getVibrationPattern() -> getVibrationPattern
    395:475:android.app.Notification buildNotification(android.content.Context) -> buildNotification
    478:478:int getCommand() -> getCommand
    483:483:boolean isValid(android.os.Bundle) -> isValid
    487:487:com.mparticle.messaging.CloudAction[] getActions() -> getActions
    492:492:int getContentId() -> getContentId
    496:496:int getCampaignId() -> getCampaignId
    500:500:long getExpiration() -> getExpiration
    504:504:boolean isDelayed() -> isDelayed
    508:518:long getDeliveryTime() -> getDeliveryTime
com.mparticle.messaging.MPCloudNotificationMessage$1 -> com.mparticle.messaging.MPCloudNotificationMessage$1:
    142:142:java.lang.Object[] newArray(int) -> newArray
    142:142:java.lang.Object createFromParcel(android.os.Parcel) -> createFromParcel
com.mparticle.messaging.MPMessagingAPI -> com.mparticle.messaging.MPMessagingAPI:
    com.mparticle.messaging.MessagingConfigCallbacks mMessagingConfigCallbacks -> a
    android.content.Context mContext -> b
    java.lang.String CLOUD_MESSAGE_EXTRA -> CLOUD_MESSAGE_EXTRA
    java.lang.String CLOUD_ACTION_EXTRA -> CLOUD_ACTION_EXTRA
    java.lang.String BROADCAST_NOTIFICATION_RECEIVED -> BROADCAST_NOTIFICATION_RECEIVED
    java.lang.String BROADCAST_NOTIFICATION_TAPPED -> BROADCAST_NOTIFICATION_TAPPED
    62:63:void setPushNotificationIcon(int) -> setPushNotificationIcon
    73:74:void setPushNotificationTitle(int) -> setPushNotificationTitle
    82:92:void enablePushNotifications(java.lang.String) -> enablePushNotifications
    98:99:void disablePushNotifications() -> disablePushNotifications
    108:109:void setNotificationSoundEnabled(java.lang.Boolean) -> setNotificationSoundEnabled
    118:119:void setNotificationVibrationEnabled(java.lang.Boolean) -> setNotificationVibrationEnabled
com.mparticle.messaging.MessagingConfigCallbacks -> com.mparticle.messaging.MessagingConfigCallbacks:
    void setPushNotificationIcon(int) -> setPushNotificationIcon
    void setPushNotificationTitle(int) -> setPushNotificationTitle
    void setPushSenderId(java.lang.String) -> setPushSenderId
    void setPushSoundEnabled(boolean) -> setPushSoundEnabled
    void setPushVibrationEnabled(boolean) -> setPushVibrationEnabled
com.mparticle.messaging.ProviderCloudMessage -> com.mparticle.messaging.ProviderCloudMessage:
    java.lang.String mPrimaryText -> a
    android.os.Parcelable$Creator CREATOR -> CREATOR
    35:35:com.mparticle.messaging.CloudAction getDefaultAction() -> getDefaultAction
    40:40:int describeContents() -> describeContents
    45:47:void writeToParcel(android.os.Parcel,int) -> writeToParcel
    65:65:int getId() -> getId
    70:70:java.lang.String getPrimaryMessage(android.content.Context) -> getPrimaryMessage
    80:92:org.json.JSONObject getRedactedJsonPayload() -> getRedactedJsonPayload
    98:106:android.app.Notification buildNotification(android.content.Context) -> buildNotification
    116:129:java.lang.String findProviderMessage(org.json.JSONArray) -> a
com.mparticle.messaging.ProviderCloudMessage$1 -> com.mparticle.messaging.ProviderCloudMessage$1:
    49:49:java.lang.Object[] newArray(int) -> newArray
    49:49:java.lang.Object createFromParcel(android.os.Parcel) -> createFromParcel
com.mparticle.messaging.PushAnalyticsReceiver -> com.mparticle.messaging.PushAnalyticsReceiver:
    android.content.Context mContext -> a
    37:56:void onReceive(android.content.Context,android.content.Intent) -> onReceive
    64:64:android.content.Context getContext() -> getContext
    75:75:boolean onNotificationReceived(com.mparticle.messaging.AbstractCloudMessage) -> onNotificationReceived
    87:87:boolean onNotificationTapped(com.mparticle.messaging.AbstractCloudMessage,com.mparticle.messaging.CloudAction) -> onNotificationTapped
com.mparticle.segmentation.Segment -> com.mparticle.segmentation.Segment:
    int id -> a
    java.lang.String name -> b
    java.lang.String[] endpoints -> c
    37:37:int getId() -> getId
    46:46:java.lang.String getName() -> getName
    55:58:java.lang.String[] getEndpoints() -> getEndpoints
    69:69:java.lang.String toString() -> toString
com.mparticle.segmentation.SegmentListener -> com.mparticle.segmentation.SegmentListener:
    void onSegmentsRetrieved(com.mparticle.segmentation.SegmentMembership) -> onSegmentsRetrieved
com.mparticle.segmentation.SegmentMembership -> com.mparticle.segmentation.SegmentMembership:
    java.util.ArrayList segments -> a
    java.lang.StringBuilder list -> b
    21:21:java.util.ArrayList getSegments() -> getSegments
    29:29:java.lang.String toString() -> toString
    36:47:java.lang.String getCommaSeparatedIds() -> getCommaSeparatedIds
