com.mparticle.AESObfuscator -> com.mparticle.a:
    byte[] IV -> a
    javax.crypto.Cipher mEncryptor -> b
    javax.crypto.Cipher mDecryptor -> c
    71:80:java.lang.String obfuscate(java.lang.String,java.lang.String) -> a
    85:105:java.lang.String unobfuscate(java.lang.String,java.lang.String) -> b
com.mparticle.AppConfig -> com.mparticle.b:
    android.content.Context mContext -> n
    java.lang.String mKey -> a
    java.lang.String mSecret -> b
    boolean reportUncaughtExceptions -> c
    boolean debug -> d
    int sessionTimeout -> e
    int debugUploadInterval -> f
    int uploadInterval -> g
    boolean isPushEnabled -> h
    java.lang.String pushSenderId -> i
    boolean sandboxMode -> j
    java.lang.String licenseKey -> k
    boolean isLicensingEnabled -> l
    boolean autoTrackingEnabled -> m
    java.lang.String sOpenUDID -> o
    java.lang.String sBuildUUID -> p
    107:107:int getResourceId(java.lang.String,java.lang.String) -> a
    111:114:void debugLog(java.lang.String) -> a
    117:122:java.lang.String getString(java.lang.String) -> b
    126:131:boolean getBoolean(java.lang.String,boolean) -> a
    135:140:int getInteger(java.lang.String,int) -> a
    35:73:org.json.JSONObject collectAppInfo(android.content.Context) -> a
    83:180:org.json.JSONObject collectDeviceInfo(android.content.Context) -> b
    56:88:java.lang.String getCpuUsage() -> a
    147:148:java.lang.String getAndroidID(android.content.Context) -> c
    189:205:long getTotalMemoryPreJB() -> b
    210:224:java.lang.String getOpenUDID(android.content.Context) -> d
    233:271:java.lang.String getBuildUUID(android.content.Context) -> e
    275:282:java.lang.String convertBytesToUUID(byte[],boolean) -> a
    287:293:boolean isDebug(android.content.pm.PackageManager,java.lang.String) -> a
    374:388:boolean isPhoneRooted() -> c
    404:405:boolean checkPermission(android.content.Context,java.lang.String) -> a
    22:27:int getAppVersion(android.content.Context) -> g
    40:58:java.lang.String getRegistrationId(android.content.Context) -> f
    67:73:void enablePushNotifications(android.content.Context,java.lang.String) -> b
    83:91:void storeRegistrationId(android.content.Context,java.lang.String,com.mparticle.PushRegistrationListener) -> a
    110:114:void clearPushRegistrationId(android.content.Context,com.mparticle.PushRegistrationListener) -> a
com.mparticle.AppStateManager -> com.mparticle.c:
    android.content.Context mContext -> a
    java.util.concurrent.atomic.AtomicInteger mActivities -> b
    long mLastStoppedTime -> c
    android.os.Handler delayedBackgroundCheckHandler -> d
    java.lang.Runnable backgroundChecker -> e
    92:92:boolean isBackgrounded() -> a
    96:99:void onActivityStarted(android.app.Activity) -> a
    102:105:void onActivityStopped(android.app.Activity) -> b
    108:121:void recordActivityStarted(android.app.Activity) -> c
    124:136:void recordActivityStopped(android.app.Activity) -> d
com.mparticle.AppStateManager$1 -> com.mparticle.c$1:
    com.mparticle.AppStateManager this$0 -> a
    30:36:void run() -> run
com.mparticle.AppStateManager$2 -> com.mparticle.c$2:
    com.mparticle.AppStateManager this$0 -> a
    57:57:void onActivityCreated(android.app.Activity,android.os.Bundle) -> onActivityCreated
    61:62:void onActivityStarted(android.app.Activity) -> onActivityStarted
    67:67:void onActivityResumed(android.app.Activity) -> onActivityResumed
    72:72:void onActivityPaused(android.app.Activity) -> onActivityPaused
    76:77:void onActivityStopped(android.app.Activity) -> onActivityStopped
    82:82:void onActivitySaveInstanceState(android.app.Activity,android.os.Bundle) -> onActivitySaveInstanceState
    87:87:void onActivityDestroyed(android.app.Activity) -> onActivityDestroyed
com.mparticle.Base64 -> com.mparticle.d:
    char[] CA -> a
    int[] IA -> b
    337:379:byte[] decode(byte[]) -> a
com.mparticle.Base64DecoderException -> com.mparticle.e:
    long serialVersionUID -> serialVersionUID
com.mparticle.ConfigManager -> com.mparticle.f:
    android.content.Context mContext -> a
    android.content.SharedPreferences mPreferences -> b
    com.mparticle.AppConfig localPrefs -> c
    java.lang.String[] pushKeys -> d
    int uploadMode -> e
    java.lang.String logUnhandledExceptions -> f
    boolean loaded -> g
    boolean sendOoEvents -> h
    51:87:void updateConfig(org.json.JSONObject) -> a
    90:90:java.lang.String[] getPushKeys() -> a
    102:105:boolean getLogUnhandledExceptions() -> b
    110:110:boolean getSandboxMode() -> c
    114:117:int getUploadMode() -> d
    122:122:java.lang.String getApiKey() -> e
    126:126:java.lang.String getApiSecret() -> f
    130:133:long getUploadInterval() -> g
    138:138:boolean isDebug() -> h
    146:147:void setDebug(boolean) -> a
    150:151:void setUploadInterval(int) -> a
    154:155:void setDebugUploadInterval(int) -> b
    158:158:int getSessionTimeout() -> i
    162:163:void setSessionTimeout(int) -> c
    166:166:boolean isPushEnabled() -> j
    171:173:java.lang.String getPushSenderId() -> k
    177:181:void setPushSenderId(java.lang.String) -> a
    185:191:void restoreFromCache() -> l
    194:194:java.lang.String getLicenseKey() -> m
    198:198:boolean isLicensingEnabled() -> n
    202:205:void setPushSoundEnabled(boolean) -> b
    208:211:void setPushVibrationEnabled(boolean) -> c
    214:218:boolean getSendOoEvents() -> o
    224:226:void setOptOut(boolean) -> d
    229:229:boolean getOptedOut() -> p
    233:233:boolean isAutoTrackingEnabled() -> q
    237:237:boolean isPushSoundEnabled() -> r
    240:240:boolean isPushVibrationEnabled() -> s
    244:247:void setPushNotificationIcon(int) -> d
    250:253:void setPushNotificationTitle(int) -> e
    256:256:int getPushTitle() -> t
    260:260:int getPushIcon() -> u
    264:264:int getBreadcrumbLimit() -> v
com.mparticle.DeviceLimiter -> com.mparticle.g:
com.mparticle.ExceptionHandler -> com.mparticle.h:
    java.lang.Thread$UncaughtExceptionHandler mOriginalUncaughtExceptionHandler -> a
    21:31:void uncaughtException(java.lang.Thread,java.lang.Throwable) -> uncaughtException
    34:34:java.lang.Thread$UncaughtExceptionHandler getOriginalExceptionHandler() -> a
com.mparticle.GBase64 -> com.mparticle.i:
    byte[] ALPHABET -> a
    byte[] DECODABET -> b
    boolean $assertionsDisabled -> c
    248:248:java.lang.String encode(byte[]) -> a
    379:407:int decode4to3(byte[],int,byte[],int,byte[]) -> a
    420:421:byte[] decode(java.lang.String) -> a
com.mparticle.ILicenseResultListener -> com.mparticle.ILicenseResultListener:
    void verifyLicense(int,java.lang.String,java.lang.String) -> a
com.mparticle.ILicenseResultListener$Stub -> com.mparticle.ILicenseResultListener$Stub:
    25:32:com.mparticle.ILicenseResultListener asInterface(android.os.IBinder) -> asInterface
    36:36:android.os.IBinder asBinder() -> asBinder
    40:60:boolean onTransact(int,android.os.Parcel,android.os.Parcel,int) -> onTransact
com.mparticle.ILicenseResultListener$Stub$Proxy -> com.mparticle.ILicenseResultListener$Stub$a:
    android.os.IBinder mRemote -> a
    71:71:android.os.IBinder asBinder() -> asBinder
    79:89:void verifyLicense(int,java.lang.String,java.lang.String) -> a
com.mparticle.ILicensingService -> com.mparticle.ILicensingService:
    void checkLicense(long,java.lang.String,com.mparticle.ILicenseResultListener) -> a
com.mparticle.ILicensingService$Stub -> com.mparticle.ILicensingService$Stub:
    25:32:com.mparticle.ILicensingService asInterface(android.os.IBinder) -> asInterface
    36:36:android.os.IBinder asBinder() -> asBinder
    40:60:boolean onTransact(int,android.os.Parcel,android.os.Parcel,int) -> onTransact
com.mparticle.ILicensingService$Stub$Proxy -> com.mparticle.ILicensingService$Stub$a:
    android.os.IBinder mRemote -> a
    71:71:android.os.IBinder asBinder() -> asBinder
    79:89:void checkLicense(long,java.lang.String,com.mparticle.ILicenseResultListener) -> a
com.mparticle.LicenseChecker -> com.mparticle.j:
    java.security.SecureRandom RANDOM -> a
    com.mparticle.ILicensingService mService -> b
    java.security.PublicKey mPublicKey -> c
    android.content.Context mContext -> d
    com.mparticle.Policy mPolicy -> e
    android.os.Handler mHandler -> f
    java.lang.String mPackageName -> g
    java.lang.String mVersionCode -> h
    java.util.Set mChecksInProgress -> i
    java.util.Queue mPendingChecks -> j
    107:119:java.security.PublicKey generatePublicKey(java.lang.String) -> a
    137:171:void checkAccess(com.mparticle.LicenseCheckerCallback) -> a
    175:187:void runChecks() -> a
    190:194:void finishCheck(com.mparticle.LicenseValidator) -> a
    275:277:void onServiceConnected(android.content.ComponentName,android.os.IBinder) -> onServiceConnected
    283:285:void onServiceDisconnected(android.content.ComponentName) -> onServiceDisconnected
    292:299:void handleServiceConnectionError(com.mparticle.LicenseValidator) -> b
    342:346:java.lang.String getVersionCode(android.content.Context,java.lang.String) -> a
    55:55:void access$100(com.mparticle.LicenseChecker,com.mparticle.LicenseValidator) -> a
    55:55:void access$200(com.mparticle.LicenseChecker,com.mparticle.LicenseValidator) -> b
    55:55:java.util.Set access$300(com.mparticle.LicenseChecker) -> a
    55:55:java.security.PublicKey access$500(com.mparticle.LicenseChecker) -> b
    55:55:android.os.Handler access$600(com.mparticle.LicenseChecker) -> c
com.mparticle.LicenseChecker$ResultListener -> com.mparticle.j$a:
    com.mparticle.LicenseValidator mValidator -> b
    java.lang.Runnable mOnTimeout -> c
    com.mparticle.LicenseChecker this$0 -> a
    220:261:void verifyLicense(int,java.lang.String,java.lang.String) -> a
    196:196:com.mparticle.LicenseValidator access$000(com.mparticle.LicenseChecker$ResultListener) -> a
    196:196:void access$400(com.mparticle.LicenseChecker$ResultListener) -> b
com.mparticle.LicenseChecker$ResultListener$1 -> com.mparticle.j$a$1:
    com.mparticle.LicenseChecker$ResultListener this$1 -> a
    204:207:void run() -> run
com.mparticle.LicenseChecker$ResultListener$2 -> com.mparticle.j$a$2:
    int val$responseCode -> a
    java.lang.String val$signedData -> b
    java.lang.String val$signature -> c
    com.mparticle.LicenseChecker$ResultListener this$1 -> d
    222:259:void run() -> run
com.mparticle.LicenseCheckerCallback -> com.mparticle.k:
    void allow(int) -> a
    void dontAllow(int) -> b
    void applicationError(int) -> c
com.mparticle.LicenseValidator -> com.mparticle.l:
    com.mparticle.Policy mPolicy -> a
    com.mparticle.LicenseCheckerCallback mCallback -> b
    int mNonce -> c
    java.lang.String mPackageName -> d
    java.lang.String mVersionCode -> e
    com.mparticle.DeviceLimiter mDeviceLimiter -> f
    65:65:com.mparticle.LicenseCheckerCallback getCallback() -> a
    69:69:int getNonce() -> b
    73:73:java.lang.String getPackageName() -> c
    87:193:void verify(java.security.PublicKey,int,java.lang.String,java.lang.String) -> a
    203:212:void handleResponse(int,com.mparticle.ResponseData) -> a
    215:216:void handleApplicationError(int) -> a
    219:220:void handleInvalidResponse() -> d
com.mparticle.MPReceiver -> com.mparticle.MPReceiver:
    59:68:void onReceive(android.content.Context,android.content.Intent) -> onReceive
com.mparticle.MPService -> com.mparticle.MPService:
    java.lang.Object LOCK -> a
    android.os.PowerManager$WakeLock sWakeLock -> b
    45:54:void runIntentInService(android.content.Context,android.content.Intent) -> a
    58:59:int onStartCommand(android.content.Intent,int,int) -> onStartCommand
    65:86:void onHandleIntent(android.content.Intent) -> onHandleIntent
    116:137:void handleRegistration(android.content.Intent) -> a
    208:217:java.lang.String findMessageKey(java.lang.String[],android.os.Bundle) -> a
    221:259:void showPushWithMessage(java.lang.String,java.lang.String,android.os.Bundle) -> a
com.mparticle.MPTransaction -> com.mparticle.MPTransaction:
    org.json.JSONObject transactionInfo -> a
    67:67:org.json.JSONObject getData() -> a
com.mparticle.MPTransaction$Builder -> com.mparticle.MPTransaction$Builder:
    java.lang.String productName -> a
    java.lang.String productSku -> b
    java.lang.Double productUnitPrice -> c
    java.lang.Integer quantity -> d
    java.lang.String productCategory -> e
    java.lang.Double revenueAmount -> f
    java.lang.Double taxAmount -> g
    java.lang.Double shippingAmount -> h
    java.lang.String currencyCode -> i
    java.lang.String affiliation -> j
    java.lang.String transactionId -> k
    110:111:com.mparticle.MPTransaction$Builder unitPrice(double) -> unitPrice
    121:122:com.mparticle.MPTransaction$Builder quantity(int) -> quantity
    132:133:com.mparticle.MPTransaction$Builder productCategory(java.lang.String) -> productCategory
    143:144:com.mparticle.MPTransaction$Builder totalRevenue(double) -> totalRevenue
    154:155:com.mparticle.MPTransaction$Builder taxAmount(double) -> taxAmount
    165:166:com.mparticle.MPTransaction$Builder shippingAmount(double) -> shippingAmount
    176:177:com.mparticle.MPTransaction$Builder currencyCode(java.lang.String) -> currencyCode
    187:188:com.mparticle.MPTransaction$Builder affiliation(java.lang.String) -> affiliation
    198:199:com.mparticle.MPTransaction$Builder transactionId(java.lang.String) -> transactionId
    209:209:com.mparticle.MPTransaction build() -> build
    75:75:java.lang.String access$000(com.mparticle.MPTransaction$Builder) -> a
    75:75:java.lang.String access$100(com.mparticle.MPTransaction$Builder) -> b
    75:75:java.lang.String access$200(com.mparticle.MPTransaction$Builder) -> c
    75:75:java.lang.Double access$300(com.mparticle.MPTransaction$Builder) -> d
    75:75:java.lang.Integer access$400(com.mparticle.MPTransaction$Builder) -> e
    75:75:java.lang.Double access$500(com.mparticle.MPTransaction$Builder) -> f
    75:75:java.lang.Double access$600(com.mparticle.MPTransaction$Builder) -> g
    75:75:java.lang.Double access$700(com.mparticle.MPTransaction$Builder) -> h
    75:75:java.lang.String access$800(com.mparticle.MPTransaction$Builder) -> i
    75:75:java.lang.String access$900(com.mparticle.MPTransaction$Builder) -> j
    75:75:java.lang.String access$1000(com.mparticle.MPTransaction$Builder) -> k
com.mparticle.MParticle -> com.mparticle.MParticle:
    android.os.HandlerThread sTimeoutHandlerThread -> f
    byte[] SALT -> g
    android.os.Bundle lastNotificationBundle -> h
    boolean appRunning -> a
    com.mparticle.MParticle instance -> i
    android.content.SharedPreferences sPreferences -> j
    com.mparticle.ConfigManager mConfigManager -> b
    com.mparticle.AppStateManager mAppStateManager -> c
    java.lang.String mSessionID -> d
    long mSessionStartTime -> e
    long mLastEventTime -> k
    org.json.JSONArray mUserIdentities -> l
    org.json.JSONObject mUserAttributes -> m
    org.json.JSONObject mSessionAttributes -> n
    com.mparticle.MessageManager mMessageManager -> o
    android.os.Handler mTimeoutHandler -> p
    com.mparticle.MParticle$MParticleLocationListener mLocationListener -> q
    com.mparticle.ExceptionHandler mExHandler -> r
    android.content.Context mAppContext -> s
    java.lang.String mApiKey -> t
    boolean mDebugMode -> u
    int mEventCount -> v
    java.lang.String mLaunchUri -> w
    com.mparticle.PushRegistrationListener registrationListener -> x
    144:148:void start(android.content.Context) -> start
    160:170:void start(android.content.Context,java.lang.String,java.lang.String,boolean) -> start
    184:230:com.mparticle.MParticle getInstance(android.content.Context,java.lang.String,java.lang.String,boolean) -> a
    240:243:com.mparticle.MParticle getInstance() -> getInstance
    248:248:boolean setCheckedAttribute(org.json.JSONObject,java.lang.String,java.lang.Object) -> a
    253:280:boolean setCheckedAttribute(org.json.JSONObject,java.lang.String,java.lang.Object,boolean) -> a
    295:302:void logStateTransition(java.lang.String) -> a
    313:317:void activityStarted(android.app.Activity) -> activityStarted
    329:333:void activityStopped(android.app.Activity) -> activityStopped
    339:343:void beginSession() -> beginSession
    349:353:void endSession() -> endSession
    356:364:void endSession(long) -> a
    371:375:void ensureActiveSession() -> d
    381:391:boolean checkSessionTimeout() -> a
    398:408:void newSession() -> e
    414:415:void upload() -> upload
    422:423:void setInstallReferrer(java.lang.String) -> setInstallReferrer
    434:435:void logEvent(java.lang.String,com.mparticle.MParticle$EventType) -> logEvent
    445:446:void logEvent(java.lang.String,com.mparticle.MParticle$EventType,long) -> logEvent
    456:457:void logEvent(java.lang.String,com.mparticle.MParticle$EventType,java.util.Map) -> logEvent
    468:469:void logEvent(java.lang.String,com.mparticle.MParticle$EventType,java.util.Map,long) -> logEvent
    481:500:void logEvent(java.lang.String,com.mparticle.MParticle$EventType,java.util.Map,long,java.lang.String) -> logEvent
    518:530:void logTransaction(com.mparticle.MPTransaction) -> logTransaction
    542:555:void logScreen(java.lang.String,java.util.Map,boolean) -> a
    571:572:void logScreen(java.lang.String) -> logScreen
    581:582:void logScreen(java.lang.String,java.util.Map) -> logScreen
    591:602:void leaveBreadcrumb(java.lang.String) -> leaveBreadcrumb
    614:615:void logError(java.lang.String) -> logError
    624:633:void logError(java.lang.String,java.util.Map) -> logError
    647:648:void logException(java.lang.Exception) -> logException
    657:658:void logException(java.lang.Exception,java.util.Map) -> logException
    668:677:void logException(java.lang.Exception,java.util.Map,java.lang.String) -> logException
    687:694:void logUnhandledError(java.lang.Throwable) -> a
    705:724:void enableLocationTracking(java.lang.String,long,long) -> enableLocationTracking
    730:735:void disableLocationTracking() -> disableLocationTracking
    743:744:void setLocation(android.location.Location) -> setLocation
    753:761:void setSessionAttribute(java.lang.String,java.lang.String) -> setSessionAttribute
    770:781:void setUserAttribute(java.lang.String,java.lang.String) -> setUserAttribute
    789:800:void removeUserAttribute(java.lang.String) -> removeUserAttribute
    808:809:void setUserTag(java.lang.String) -> setUserTag
    817:818:void removeUserTag(java.lang.String) -> removeUserTag
    829:863:void setUserIdentity(java.lang.String,com.mparticle.MParticle$IdentityType) -> setUserIdentity
    873:900:void removeUserIdentity(java.lang.String) -> removeUserIdentity
    913:913:boolean getOptOut() -> getOptOut
    922:933:void setOptOut(boolean) -> setOptOut
    945:946:void setDebugMode(boolean) -> setDebugMode
    955:955:boolean getDebugMode() -> getDebugMode
    964:965:void setUploadInterval(int) -> setUploadInterval
    973:974:void setDebugUploadInterval(int) -> setDebugUploadInterval
    980:987:void enableUncaughtExceptionLogging() -> enableUncaughtExceptionLogging
    993:1000:void disableUncaughtExceptionLogging() -> disableUncaughtExceptionLogging
    1008:1014:void enablePushNotifications(java.lang.String) -> enablePushNotifications
    1020:1021:void disablePushNotifications() -> disablePushNotifications
    1030:1031:void setNotificationSoundEnabled(boolean) -> setNotificationSoundEnabled
    1040:1041:void setNotificationVibrationEnabled(boolean) -> setNotificationVibrationEnabled
    1044:1045:void clearPushNotificationId() -> b
    1048:1049:void setPushRegistrationId(java.lang.String) -> b
    1058:1063:boolean checkEventLimit() -> f
    1076:1085:org.json.JSONObject enforceAttributeConstraints(java.util.Map) -> a
    1149:1149:boolean isAutoTrackingEnabled() -> isAutoTrackingEnabled
    1158:1158:int getSessionTimeout() -> getSessionTimeout
    1169:1170:void setSessionTimeout(int) -> setSessionTimeout
    1173:1178:void logNotification(android.os.Bundle,java.lang.String) -> a
    1332:1333:void setPushNotificationIcon(int) -> setPushNotificationIcon
    1343:1344:void setPushNotificationTitle(int) -> setPushNotificationTitle
    66:66:android.content.SharedPreferences access$200() -> c
    66:66:com.mparticle.LicenseCheckerCallback access$300(com.mparticle.MParticle) -> a
    66:66:com.mparticle.MessageManager access$400(com.mparticle.MParticle) -> b
com.mparticle.MParticle$1 -> com.mparticle.MParticle$1:
    com.mparticle.MParticle this$0 -> a
    1300:1301:void onRegistered(java.lang.String) -> a
    1305:1306:void onCleared$552c4e01() -> a
com.mparticle.MParticle$EventType -> com.mparticle.MParticle$EventType:
    com.mparticle.MParticle$EventType Unknown -> Unknown
    com.mparticle.MParticle$EventType Navigation -> Navigation
    com.mparticle.MParticle$EventType Location -> Location
    com.mparticle.MParticle$EventType Search -> Search
    com.mparticle.MParticle$EventType Transaction -> Transaction
    com.mparticle.MParticle$EventType UserContent -> UserContent
    com.mparticle.MParticle$EventType UserPreference -> UserPreference
    com.mparticle.MParticle$EventType Social -> Social
    com.mparticle.MParticle$EventType Other -> Other
    com.mparticle.MParticle$EventType[] $VALUES -> a
    1188:1188:com.mparticle.MParticle$EventType[] values() -> values
    1188:1188:com.mparticle.MParticle$EventType valueOf(java.lang.String) -> valueOf
    1192:1192:java.lang.String toString() -> toString
com.mparticle.MParticle$IdentityType -> com.mparticle.MParticle$IdentityType:
    com.mparticle.MParticle$IdentityType Other -> Other
    com.mparticle.MParticle$IdentityType CustomId -> CustomId
    com.mparticle.MParticle$IdentityType Facebook -> Facebook
    com.mparticle.MParticle$IdentityType Twitter -> Twitter
    com.mparticle.MParticle$IdentityType Google -> Google
    com.mparticle.MParticle$IdentityType Microsoft -> Microsoft
    com.mparticle.MParticle$IdentityType Yahoo -> Yahoo
    com.mparticle.MParticle$IdentityType Email -> Email
    int value -> a
    com.mparticle.MParticle$IdentityType[] $VALUES -> b
    1203:1203:com.mparticle.MParticle$IdentityType[] values() -> values
    1203:1203:com.mparticle.MParticle$IdentityType valueOf(java.lang.String) -> valueOf
    1220:1220:int getValue() -> getValue
    1203:1203:int access$000(com.mparticle.MParticle$IdentityType) -> a
com.mparticle.MParticle$MPLicenseCheckerCallback -> com.mparticle.MParticle$a:
    com.mparticle.MParticle this$0 -> a
    1269:1275:void allow(int) -> a
    1278:1284:void dontAllow(int) -> b
    1287:1293:void applicationError(int) -> c
com.mparticle.MParticle$MParticleLocationListener -> com.mparticle.MParticle$b:
    com.mparticle.MParticle mParticle -> a
    1250:1251:void onLocationChanged(android.location.Location) -> onLocationChanged
    1255:1255:void onProviderDisabled(java.lang.String) -> onProviderDisabled
    1259:1259:void onProviderEnabled(java.lang.String) -> onProviderEnabled
    1263:1263:void onStatusChanged(java.lang.String,int,android.os.Bundle) -> onStatusChanged
com.mparticle.MParticle$Push -> com.mparticle.MParticle$Push:
    java.lang.String BROADCAST_NOTIFICATION_RECEIVED -> BROADCAST_NOTIFICATION_RECEIVED
    java.lang.String BROADCAST_NOTIFICATION_TAPPED -> BROADCAST_NOTIFICATION_TAPPED
    java.lang.String PUSH_ALERT_EXTRA -> PUSH_ALERT_EXTRA
com.mparticle.MParticle$SessionTimeoutHandler -> com.mparticle.MParticle$c:
    com.mparticle.MParticle mParticle -> a
    1234:1238:void handleMessage(android.os.Message) -> handleMessage
com.mparticle.MParticleDatabase -> com.mparticle.MParticleDatabase:
    129:134:void onCreate(android.database.sqlite.SQLiteDatabase) -> onCreate
    139:147:void onUpgrade(android.database.sqlite.SQLiteDatabase,int,int) -> onUpgrade
com.mparticle.MParticleDatabase$BreadcrumbTable -> com.mparticle.MParticleDatabase$BreadcrumbTable:
    java.lang.String TABLE_NAME -> TABLE_NAME
    java.lang.String SESSION_ID -> SESSION_ID
    java.lang.String API_KEY -> API_KEY
    java.lang.String MESSAGE -> MESSAGE
    java.lang.String CREATED_AT -> CREATED_AT
    java.lang.String CF_UUID -> CF_UUID
com.mparticle.MParticleDatabase$CommandTable -> com.mparticle.MParticleDatabase$CommandTable:
    java.lang.String TABLE_NAME -> TABLE_NAME
    java.lang.String URL -> URL
    java.lang.String METHOD -> METHOD
    java.lang.String POST_DATA -> POST_DATA
    java.lang.String HEADERS -> HEADERS
    java.lang.String CREATED_AT -> CREATED_AT
    java.lang.String SESSION_ID -> SESSION_ID
    java.lang.String API_KEY -> API_KEY
    java.lang.String CF_UUID -> CF_UUID
com.mparticle.MParticleDatabase$MessageTable -> com.mparticle.MParticleDatabase$MessageTable:
    java.lang.String TABLE_NAME -> TABLE_NAME
    java.lang.String SESSION_ID -> SESSION_ID
    java.lang.String API_KEY -> API_KEY
    java.lang.String MESSAGE -> MESSAGE
    java.lang.String STATUS -> STATUS
    java.lang.String CREATED_AT -> CREATED_AT
    java.lang.String MESSAGE_TYPE -> MESSAGE_TYPE
    java.lang.String CF_UUID -> CF_UUID
com.mparticle.MParticleDatabase$SessionTable -> com.mparticle.MParticleDatabase$SessionTable:
    java.lang.String TABLE_NAME -> TABLE_NAME
    java.lang.String SESSION_ID -> SESSION_ID
    java.lang.String API_KEY -> API_KEY
    java.lang.String START_TIME -> START_TIME
    java.lang.String END_TIME -> END_TIME
    java.lang.String SESSION_LENGTH -> SESSION_LENGTH
    java.lang.String ATTRIBUTES -> ATTRIBUTES
    java.lang.String CF_UUID -> CF_UUID
com.mparticle.MParticleDatabase$UploadTable -> com.mparticle.MParticleDatabase$UploadTable:
    java.lang.String TABLE_NAME -> TABLE_NAME
    java.lang.String API_KEY -> API_KEY
    java.lang.String MESSAGE -> MESSAGE
    java.lang.String CREATED_AT -> CREATED_AT
    java.lang.String CF_UUID -> CF_UUID
    java.lang.String SESSION_ID -> SESSION_ID
com.mparticle.MParticleJSInterface -> com.mparticle.MParticleJSInterface:
    com.mparticle.MParticle mApiInstance -> a
    50:84:void logEvent(java.lang.String) -> logEvent
    89:94:void setUserTag(java.lang.String) -> setUserTag
    99:104:void removeUserTag(java.lang.String) -> removeUserTag
    109:114:void setUserAttribute(java.lang.String) -> setUserAttribute
    119:124:void removeUserAttribute(java.lang.String) -> removeUserAttribute
    129:134:void setSessionAttribute(java.lang.String) -> setSessionAttribute
    139:144:void setUserIdentity(java.lang.String) -> setUserIdentity
    149:154:void removeUserIdentity(java.lang.String) -> removeUserIdentity
    157:174:java.util.Map convertToMap(org.json.JSONObject) -> a
com.mparticle.MessageHandler -> com.mparticle.m:
    com.mparticle.MParticleDatabase mDB -> a
    java.lang.String mApiKey -> b
    java.lang.String[] breadcrumbColumns -> c
    java.lang.String[] idColumns -> d
    52:195:void handleMessage(android.os.Message) -> handleMessage
    204:221:void appendBreadcrumbs(android.database.sqlite.SQLiteDatabase,org.json.JSONObject) -> a
    255:269:void dbInsertMessage(android.database.sqlite.SQLiteDatabase,org.json.JSONObject) -> b
    286:293:void dbUpdateSessionEndTime(android.database.sqlite.SQLiteDatabase,java.lang.String,long,long) -> a
    299:304:java.lang.String getMessageSessionId(org.json.JSONObject) -> a
com.mparticle.MessageManager -> com.mparticle.n:
    android.os.HandlerThread sMessageHandlerThread -> a
    android.os.HandlerThread sUploadHandlerThread -> b
    java.lang.Runtime rt -> c
    java.lang.String sActiveNetworkName -> d
    android.location.Location sLocation -> e
    boolean sFirstRun -> f
    android.content.BroadcastReceiver sStatusBroadcastReceiver -> g
    double sBatteryLevel -> h
    com.mparticle.MessageHandler mMessageHandler -> i
    com.mparticle.UploadHandler mUploadHandler -> j
    android.content.Context mContext -> k
    long sStartTime -> l
    android.content.SharedPreferences mPreferences -> m
    com.mparticle.ConfigManager mConfigManager -> n
    70:104:void start(android.content.Context,java.lang.Boolean) -> a
    109:140:org.json.JSONObject createMessage(java.lang.String,java.lang.String,long,long,java.lang.String,org.json.JSONObject) -> a
    144:165:org.json.JSONObject getStateInfo() -> a
    199:201:org.json.JSONObject createMessageSessionEnd(java.lang.String,long,long,long,org.json.JSONObject) -> a
    206:231:void startSession(java.lang.String,long,java.lang.String) -> a
    242:242:int getCurrentSessionCounter() -> c
    247:256:void stopSession(java.lang.String,long,long) -> a
    259:262:void endSession(java.lang.String,long,long) -> b
    266:276:void logEvent(java.lang.String,long,long,java.lang.String,com.mparticle.MParticle$EventType,org.json.JSONObject,long) -> a
    280:290:void logScreen(java.lang.String,long,long,java.lang.String,org.json.JSONObject,boolean) -> a
    294:305:void logBreadcrumb(java.lang.String,long,long,java.lang.String) -> a
    309:315:void optOut(java.lang.String,long,long,boolean) -> a
    318:319:void logErrorEvent(java.lang.String,long,long,java.lang.String,java.lang.Throwable,org.json.JSONObject) -> a
    323:343:void logErrorEvent(java.lang.String,long,long,java.lang.String,java.lang.Throwable,org.json.JSONObject,boolean) -> a
    347:355:void setPushRegistrationId(java.lang.String,long,long,java.lang.String,boolean) -> a
    359:367:void setSessionAttributes(java.lang.String,org.json.JSONObject) -> a
    370:371:void doUpload() -> b
    374:378:void setLocation(android.location.Location) -> a
    382:400:void logStateTransition(java.lang.String,java.lang.String,long,android.os.Bundle) -> a
    403:424:void logNotification(java.lang.String,long,android.os.Bundle,java.lang.String) -> a
    444:456:void setDataConnection(android.net.NetworkInfo) -> a
    30:30:double access$102(double) -> a
com.mparticle.MessageManager$StatusBroadcastReceiver -> com.mparticle.n$a:
    com.mparticle.MessageManager this$0 -> a
    429:440:void onReceive(android.content.Context,android.content.Intent) -> onReceive
com.mparticle.Obfuscator -> com.mparticle.o:
    java.lang.String obfuscate(java.lang.String,java.lang.String) -> a
    java.lang.String unobfuscate(java.lang.String,java.lang.String) -> b
com.mparticle.PersistentCookieStore -> com.mparticle.PersistentCookieStore:
    java.util.concurrent.ConcurrentHashMap cookies -> a
    android.content.SharedPreferences cookiePrefs -> b
    96:110:void addCookie(org.apache.http.cookie.Cookie) -> addCookie
    115:124:void clear() -> clear
    128:154:boolean clearExpired(java.util.Date) -> clearExpired
    159:159:java.util.List getCookies() -> getCookies
    167:175:java.lang.String encodeCookie(com.mparticle.PersistentCookieStore$SerializableCookie) -> a
    179:189:org.apache.http.cookie.Cookie decodeCookie(java.lang.String) -> a
    195:203:java.lang.String byteArrayToHexString(byte[]) -> a
com.mparticle.PersistentCookieStore$SerializableCookie -> com.mparticle.PersistentCookieStore$SerializableCookie:
    long serialVersionUID -> serialVersionUID
    org.apache.http.cookie.Cookie cookie -> a
    org.apache.http.impl.cookie.BasicClientCookie clientCookie -> b
    230:234:org.apache.http.cookie.Cookie getCookie() -> getCookie
    238:246:void writeObject(java.io.ObjectOutputStream) -> writeObject
    249:258:void readObject(java.io.ObjectInputStream) -> readObject
com.mparticle.Policy -> com.mparticle.p:
    long mValidityTimestamp -> a
    long mRetryUntil -> b
    long mMaxRetries -> c
    long mRetryCount -> d
    long mLastResponseTime -> e
    int mLastResponse -> f
    com.mparticle.PreferenceObfuscator mPreferences -> g
    105:127:void processServerResponse(int,com.mparticle.ResponseData) -> a
    246:259:boolean allowAccess() -> a
    149:151:void setRetryCount(long) -> a
    167:177:void setValidityTimestamp(java.lang.String) -> a
    193:203:void setRetryUntil(java.lang.String) -> b
    219:229:void setMaxRetries(java.lang.String) -> c
    263:273:java.util.Map decodeExtras(java.lang.String) -> d
com.mparticle.PreferenceObfuscator -> com.mparticle.q:
    android.content.SharedPreferences mPreferences -> a
    com.mparticle.Obfuscator mObfuscator -> b
    android.content.SharedPreferences$Editor mEditor -> c
    46:51:void putString(java.lang.String,java.lang.String) -> a
    55:68:java.lang.String getString(java.lang.String,java.lang.String) -> b
    72:76:void commit() -> a
com.mparticle.PushRegistrationListener -> com.mparticle.r:
    void onRegistered(java.lang.String) -> a
    void onCleared$552c4e01() -> a
com.mparticle.ResponseData -> com.mparticle.s:
    int responseCode -> a
    int nonce -> b
    java.lang.String packageName -> c
    java.lang.String versionCode -> d
    java.lang.String userId -> e
    long timestamp -> f
    java.lang.String extra -> g
    76:76:java.lang.String toString() -> toString
com.mparticle.UploadHandler -> com.mparticle.t:
    com.mparticle.MParticleDatabase mDB -> a
    android.content.SharedPreferences mPreferences -> b
    android.content.Context mContext -> c
    java.lang.String mApiKey -> d
    java.lang.String mSecret -> e
    org.apache.http.protocol.HttpContext mHttpContext -> f
    org.json.JSONObject mAppInfo -> g
    org.json.JSONObject mDeviceInfo -> h
    android.net.ConnectivityManager mConnectivyManager -> i
    boolean mAccessNetworkStateAvailable -> j
    com.mparticle.ConfigManager mConfigManager -> k
    java.lang.String SQL_DELETABLE_MESSAGES -> l
    java.lang.String SQL_UPLOADABLE_MESSAGES -> m
    java.lang.String SQL_HISTORY_MESSAGES -> n
    java.lang.String SQL_FINISHED_HISTORY_MESSAGES -> o
    char[] HEX_CHARS -> p
    144:197:void handleMessage(android.os.Message) -> handleMessage
    201:234:void fetchConfig() -> a
    265:348:void prepareUploads(boolean) -> a
    352:402:org.json.JSONObject createUploadMessage(org.json.JSONArray,boolean) -> a
    406:547:boolean processUploads(boolean) -> b
    553:561:java.lang.String extractResponseBody(org.apache.http.HttpResponse) -> a
    566:584:void addMessageSignature(org.apache.http.client.methods.HttpUriRequest,java.lang.String) -> a
    587:648:void processCommands() -> b
    661:661:java.net.URI makeServiceUri(java.lang.String) -> a
    665:670:void dbInsertUpload(android.database.sqlite.SQLiteDatabase,org.json.JSONObject) -> a
    673:675:void dbDeleteProcessedMessages(android.database.sqlite.SQLiteDatabase,java.lang.String) -> a
    691:693:void dbDeleteUpload(android.database.sqlite.SQLiteDatabase,int) -> a
    696:698:void dbDeleteCommand(android.database.sqlite.SQLiteDatabase,int) -> b
    712:720:boolean isNetworkAvailable() -> c
    724:739:org.apache.http.client.HttpClient setupHttpClient() -> d
    763:768:java.lang.String asHex(byte[]) -> a
com.mparticle.ValidationException -> com.mparticle.u:
    long serialVersionUID -> serialVersionUID
com.mparticle.activity.MPActivity -> com.mparticle.activity.MPActivity:
    27:31:void onStart() -> onStart
    35:39:void onStop() -> onStop
com.mparticle.activity.MPListActivity -> com.mparticle.activity.MPListActivity:
    27:31:void onStart() -> onStart
    35:39:void onStop() -> onStop
